Component: Arm Compiler for Embedded 6.23 Tool: armlink [5f102400]

==============================================================================

Section Cross References

    startup_mspm0g350x_uvision.o(RESET) refers to startup_mspm0g350x_uvision.o(STACK) for __initial_sp
    startup_mspm0g350x_uvision.o(RESET) refers to startup_mspm0g350x_uvision.o(.text) for Reset_Handler
    startup_mspm0g350x_uvision.o(RESET) refers to main.o(.text.SysTick_Handler) for SysTick_Handler
    startup_mspm0g350x_uvision.o(RESET) refers to encoder.o(.text.GROUP1_IRQHandler) for GROUP1_IRQHandler
    startup_mspm0g350x_uvision.o(RESET) refers to main.o(.text.UART1_IRQHandler) for UART1_IRQHandler
    startup_mspm0g350x_uvision.o(RESET) refers to main.o(.text.UART2_IRQHandler) for UART2_IRQHandler
    startup_mspm0g350x_uvision.o(RESET) refers to main.o(.text.UART0_IRQHandler) for UART0_IRQHandler
    startup_mspm0g350x_uvision.o(RESET) refers to main.o(.text.TIMG6_IRQHandler) for TIMG6_IRQHandler
    startup_mspm0g350x_uvision.o(.text) refers to entry.o(.ARM.Collect$$$$00000000) for __main
    main.o(.text.main) refers to ti_msp_dl_config.o(.text.SYSCFG_DL_init) for SYSCFG_DL_init
    main.o(.text.main) refers to main.o(.text.DL_Timer_startCounter) for DL_Timer_startCounter
    main.o(.text.main) refers to main.o(.text.__NVIC_ClearPendingIRQ) for __NVIC_ClearPendingIRQ
    main.o(.text.main) refers to main.o(.text.__NVIC_EnableIRQ) for __NVIC_EnableIRQ
    main.o(.text.main) refers to board.o(.text.SysTick_Init) for SysTick_Init
    main.o(.text.main) refers to oled.o(.text.OLED_Init) for OLED_Init
    main.o(.text.main) refers to oled.o(.text.OLED_Clear) for OLED_Clear
    main.o(.text.main) refers to oled.o(.text.OLED_ShowString) for OLED_ShowString
    main.o(.text.main) refers to oled.o(.text.OLED_Refresh) for OLED_Refresh
    main.o(.text.main) refers to gyro_6axis.o(.text.Gyro6_Init) for Gyro6_Init
    main.o(.text.main) refers to main.o(.text.DL_UART_clearInterruptStatus) for DL_UART_clearInterruptStatus
    main.o(.text.main) refers to main.o(.text.DL_UART_enableInterrupt) for DL_UART_enableInterrupt
    main.o(.text.main) refers to main.o(.text.DL_UART_setRXFIFOThreshold) for DL_UART_setRXFIFOThreshold
    main.o(.text.main) refers to printfa.o(i.__0printf) for printf
    main.o(.text.main) refers to key.o(.text.Key_Scan) for Key_Scan
    main.o(.text.main) refers to bsp_systick.o(.text.delay_ms) for delay_ms
    main.o(.text.main) refers to motor.o(.text.Motor_Brake) for Motor_Brake
    main.o(.text.main) refers to encoder.o(.text.Vel_PI_Reset_A) for Vel_PI_Reset_A
    main.o(.text.main) refers to encoder.o(.text.Vel_PI_Reset_B) for Vel_PI_Reset_B
    main.o(.text.main) refers to gyro_6axis.o(.text.Gyro6_Yaw) for Gyro6_Yaw
    main.o(.text.main) refers to pid.o(.text.Angle_PID_Reset) for Angle_PID_Reset
    main.o(.text.main) refers to uidiv_div0.o(.text) for __aeabi_uidivmod
    main.o(.text.main) refers to vofa.o(.text.Vofa_PollCommand) for Vofa_PollCommand
    main.o(.text.main) refers to dfltui.o(.text) for __aeabi_ui2d
    main.o(.text.main) refers to ddiv.o(.text) for __aeabi_ddiv
    main.o(.text.main) refers to printfa.o(i.__0sprintf) for sprintf
    main.o(.text.main) refers to main.o(.rodata.str1.1) for [Anonymous Symbol]
    main.o(.text.main) refers to main.o(.bss.main.key_prev) for [Anonymous Symbol]
    main.o(.text.main) refers to main.o(.bss.oled_page) for oled_page
    main.o(.text.main) refers to main.o(.data.target_pulse) for target_pulse
    main.o(.text.main) refers to main.o(.bss.speed_test_mode) for speed_test_mode
    main.o(.text.main) refers to main.o(.bss.speed_running) for speed_running
    main.o(.text.main) refers to main.o(.bss.lap_dist_m) for lap_dist_m
    main.o(.text.main) refers to main.o(.bss.sys_tick_ms) for sys_tick_ms
    main.o(.text.main) refers to main.o(.bss.run_start_ms) for run_start_ms
    main.o(.text.main) refers to main.o(.bss.run_elapsed_ms) for run_elapsed_ms
    main.o(.text.main) refers to main.o(.bss.start_yaw) for start_yaw
    main.o(.text.main) refers to main.o(.bss.t3_armed) for t3_armed
    main.o(.text.main) refers to main.o(.bss.t2_armed) for t2_armed
    main.o(.text.main) refers to main.o(.bss.decel_active) for decel_active
    main.o(.text.main) refers to main.o(.bss.decel_count) for decel_count
    main.o(.text.main) refers to main.o(.bss.task_sel) for task_sel
    main.o(.text.main) refers to track.o(.data.TRACK_KP_T1) for TRACK_KP_T1
    main.o(.text.main) refers to track.o(.data.TRACK_KP) for TRACK_KP
    main.o(.text.main) refers to track.o(.data.TRACK_KD_T1) for TRACK_KD_T1
    main.o(.text.main) refers to track.o(.data.TRACK_KD) for TRACK_KD
    main.o(.text.main) refers to track.o(.data.TRACK_KP_T2) for TRACK_KP_T2
    main.o(.text.main) refers to track.o(.data.TRACK_KD_T2) for TRACK_KD_T2
    main.o(.text.main) refers to main.o(.bss.main.last_oled_ms) for [Anonymous Symbol]
[...]
    __arm_cp.12_32                           0x00002e24   Number         4  main.o(.text.TIMG6_IRQHandler)
    __arm_cp.12_34                           0x00002e28   Number         4  main.o(.text.TIMG6_IRQHandler)
    __arm_cp.12_35                           0x00002e2c   Number         4  main.o(.text.TIMG6_IRQHandler)
    [Anonymous Symbol]                       0x00002e30   Section        0  track.o(.text.Track_GetError)
    __arm_cp.2_0                             0x00002f70   Number         4  track.o(.text.Track_GetError)
    __arm_cp.2_1                             0x00002f74   Number         4  track.o(.text.Track_GetError)
    __arm_cp.2_2                             0x00002f78   Number         4  track.o(.text.Track_GetError)
    __arm_cp.2_3                             0x00002f7c   Number         4  track.o(.text.Track_GetError)
    __arm_cp.2_6                             0x00002f80   Number         4  track.o(.text.Track_GetError)
    [Anonymous Symbol]                       0x00002f84   Section        0  track.o(.text.Track_GetState)
    __arm_cp.0_0                             0x0000305c   Number         4  track.o(.text.Track_GetState)
    __arm_cp.0_1                             0x00003060   Number         4  track.o(.text.Track_GetState)
    [Anonymous Symbol]                       0x00003064   Section        0  track.o(.text.Track_Steering_Compute)
    __arm_cp.9_0                             0x00003118   Number         4  track.o(.text.Track_Steering_Compute)
    __arm_cp.9_1                             0x0000311c   Number         4  track.o(.text.Track_Steering_Compute)
    __arm_cp.9_2                             0x00003120   Number         4  track.o(.text.Track_Steering_Compute)
    __arm_cp.9_3                             0x00003124   Number         4  track.o(.text.Track_Steering_Compute)
    __arm_cp.9_4                             0x00003128   Number         4  track.o(.text.Track_Steering_Compute)
    [Anonymous Symbol]                       0x0000312c   Section        0  main.o(.text.UART0_IRQHandler)
    __arm_cp.7_0                             0x00003160   Number         4  main.o(.text.UART0_IRQHandler)
    [Anonymous Symbol]                       0x00003164   Section        0  main.o(.text.UART1_IRQHandler)
    __arm_cp.11_0                            0x000031a4   Number         4  main.o(.text.UART1_IRQHandler)
    [Anonymous Symbol]                       0x000031a8   Section        0  main.o(.text.UART2_IRQHandler)
    [Anonymous Symbol]                       0x000031e8   Section        0  encoder.o(.text.Vel_PI_Reset_A)
    [Anonymous Symbol]                       0x000031f8   Section        0  encoder.o(.text.Vel_PI_Reset_B)
    [Anonymous Symbol]                       0x00003208   Section        0  encoder.o(.text.Velocity_A)
    __arm_cp.7_2                             0x000032dc   Number         4  encoder.o(.text.Velocity_A)
    __arm_cp.7_10                            0x000032e0   Number         4  encoder.o(.text.Velocity_A)
    __arm_cp.7_11                            0x000032e4   Number         4  encoder.o(.text.Velocity_A)
    [Anonymous Symbol]                       0x000032e8   Section        0  encoder.o(.text.Velocity_B)
    __arm_cp.8_0                             0x000033bc   Number         4  encoder.o(.text.Velocity_B)
    __arm_cp.8_1                             0x000033c0   Number         4  encoder.o(.text.Velocity_B)
    __arm_cp.8_2                             0x000033c4   Number         4  encoder.o(.text.Velocity_B)
    __arm_cp.8_3                             0x000033c8   Number         4  encoder.o(.text.Velocity_B)
    __arm_cp.8_4                             0x000033cc   Number         4  encoder.o(.text.Velocity_B)
    __arm_cp.8_5                             0x000033d0   Number         4  encoder.o(.text.Velocity_B)
    __arm_cp.8_6                             0x000033d4   Number         4  encoder.o(.text.Velocity_B)
    __arm_cp.8_7                             0x000033d8   Number         4  encoder.o(.text.Velocity_B)
    __arm_cp.8_8                             0x000033dc   Number         4  encoder.o(.text.Velocity_B)
    __arm_cp.8_9                             0x000033e0   Number         4  encoder.o(.text.Velocity_B)
    __arm_cp.8_10                            0x000033e4   Number         4  encoder.o(.text.Velocity_B)
    __arm_cp.8_11                            0x000033e8   Number         4  encoder.o(.text.Velocity_B)
    [Anonymous Symbol]                       0x000033ec   Section        0  vofa.o(.text.Vofa_JustFloat_Send)
    __arm_cp.0_0                             0x00003484   Number         4  vofa.o(.text.Vofa_JustFloat_Send)
    __arm_cp.0_1                             0x00003488   Number         4  vofa.o(.text.Vofa_JustFloat_Send)
    [Anonymous Symbol]                       0x0000348c   Section        0  vofa.o(.text.Vofa_PollCommand)
    __arm_cp.5_0                             0x000036e0   Number         4  vofa.o(.text.Vofa_PollCommand)
    __arm_cp.5_1                             0x000036e4   Number         4  vofa.o(.text.Vofa_PollCommand)
    __arm_cp.5_2                             0x000036e8   Number         4  vofa.o(.text.Vofa_PollCommand)
    __arm_cp.5_3                             0x000036ec   Number         4  vofa.o(.text.Vofa_PollCommand)
    __arm_cp.5_4                             0x000036f0   Number         4  vofa.o(.text.Vofa_PollCommand)
    __arm_cp.5_5                             0x000036f4   Number         4  vofa.o(.text.Vofa_PollCommand)
    __arm_cp.5_6                             0x000036f8   Number         4  vofa.o(.text.Vofa_PollCommand)
    __arm_cp.5_7                             0x000036fc   Number         4  vofa.o(.text.Vofa_PollCommand)
    __arm_cp.5_8                             0x00003700   Number         4  vofa.o(.text.Vofa_PollCommand)
    [Anonymous Symbol]                       0x00003704   Section        0  vofa.o(.text.Vofa_RX_ISR)
    __NVIC_ClearPendingIRQ                   0x00003719   Thumb Code    40  main.o(.text.__NVIC_ClearPendingIRQ)
    [Anonymous Symbol]                       0x00003718   Section        0  main.o(.text.__NVIC_ClearPendingIRQ)
    __NVIC_ClearPendingIRQ                   0x00003741   Thumb Code    40  gyro_6axis.o(.text.__NVIC_ClearPendingIRQ)
    [Anonymous Symbol]                       0x00003740   Section        0  gyro_6axis.o(.text.__NVIC_ClearPendingIRQ)
    __arm_cp.10_0                            0x00003768   Number         4  gyro_6axis.o(.text.__NVIC_ClearPendingIRQ)
    __NVIC_DisableIRQ                        0x0000376d   Thumb Code    48  encoder.o(.text.__NVIC_DisableIRQ)
    [Anonymous Symbol]                       0x0000376c   Section        0  encoder.o(.text.__NVIC_DisableIRQ)
    __arm_cp.2_0                             0x0000379c   Number         4  encoder.o(.text.__NVIC_DisableIRQ)
    __NVIC_EnableIRQ                         0x000037a1   Thumb Code    40  main.o(.text.__NVIC_EnableIRQ)
    [Anonymous Symbol]                       0x000037a0   Section        0  main.o(.text.__NVIC_EnableIRQ)
    __NVIC_EnableIRQ                         0x000037c9   Thumb Code    40  encoder.o(.text.__NVIC_EnableIRQ)
    [Anonymous Symbol]                       0x000037c8   Section        0  encoder.o(.text.__NVIC_EnableIRQ)
    __NVIC_EnableIRQ                         0x000037f1   Thumb Code    40  gyro_6axis.o(.text.__NVIC_EnableIRQ)
    [Anonymous Symbol]                       0x000037f0   Section        0  gyro_6axis.o(.text.__NVIC_EnableIRQ)
    __NVIC_GetEnableIRQ                      0x00003819   Thumb Code    52  encoder.o(.text.__NVIC_GetEnableIRQ)
    [Anonymous Symbol]                       0x00003818   Section        0  encoder.o(.text.__NVIC_GetEnableIRQ)
    __arm_cp.1_0                             0x0000384c   Number         4  encoder.o(.text.__NVIC_GetEnableIRQ)
    __NVIC_SetPriority                       0x00003851   Thumb Code   124  board.o(.text.__NVIC_SetPriority)
    [Anonymous Symbol]                       0x00003850   Section        0  board.o(.text.__NVIC_SetPriority)
    __NVIC_SetPriority                       0x000038cd   Thumb Code   124  ti_msp_dl_config.o(.text.__NVIC_SetPriority)
    [Anonymous Symbol]                       0x000038cc   Section        0  ti_msp_dl_config.o(.text.__NVIC_SetPriority)
    __arm_cp.36_0                            0x00003948   Number         4  ti_msp_dl_config.o(.text.__NVIC_SetPriority)
    __arm_cp.36_1                            0x0000394c   Number         4  ti_msp_dl_config.o(.text.__NVIC_SetPriority)
    [Anonymous Symbol]                       0x00003950   Section        0  bsp_systick.o(.text.delay_ms)
    delay_ms_g6                              0x00003975   Thumb Code    20  gyro_6axis.o(.text.delay_ms_g6)
    [Anonymous Symbol]                       0x00003974   Section        0  gyro_6axis.o(.text.delay_ms_g6)
    __arm_cp.2_0                             0x00003988   Number         4  gyro_6axis.o(.text.delay_ms_g6)
    [Anonymous Symbol]                       0x0000398c   Section        0  bsp_systick.o(.text.delay_us)
    __arm_cp.2_0                             0x00003a10   Number         4  bsp_systick.o(.text.delay_us)
    __arm_cp.2_1                             0x00003a14   Number         4  bsp_systick.o(.text.delay_us)
    __arm_cp.2_2                             0x00003a18   Number         4  bsp_systick.o(.text.delay_us)
    float_to_bytes                           0x00003a1d   Thumb Code    42  vofa.o(.text.float_to_bytes)
    [Anonymous Symbol]                       0x00003a1c   Section        0  vofa.o(.text.float_to_bytes)
    [Anonymous Symbol]                       0x00003a48   Section        0  bsp_printf.o(.text.fputc)
    __arm_cp.2_0                             0x00003a70   Number         4  bsp_printf.o(.text.fputc)
    [Anonymous Symbol]                       0x00003a74   Section        0  motor.o(.text.limit_PWM)
    [Anonymous Symbol]                       0x00003aa8   Section        0  main.o(.text.main)
    __arm_cp.0_58                            0x00003e40   Number         4  main.o(.text.main)
    __arm_cp.0_59                            0x00003e44   Number         4  main.o(.text.main)
    __arm_cp.0_60                            0x00003e48   Number         4  main.o(.text.main)
    __arm_cp.0_61                            0x00003e4c   Number         4  main.o(.text.main)
    __arm_cp.0_62                            0x00003e50   Number         4  main.o(.text.main)
    __arm_cp.0_63                            0x00003e54   Number         4  main.o(.text.main)
    __arm_cp.0_68                            0x00003e68   Number         4  main.o(.text.main)
    __arm_cp.0_69                            0x00003e6c   Number         4  main.o(.text.main)
    __arm_cp.0_70                            0x00003e70   Number         4  main.o(.text.main)
    __arm_cp.0_71                            0x00003e74   Number         4  main.o(.text.main)
    __arm_cp.0_72                            0x00003e78   Number         4  main.o(.text.main)
    __arm_cp.0_73                            0x00003e7c   Number         4  main.o(.text.main)
    __arm_cp.0_74                            0x00003e80   Number         4  main.o(.text.main)
    __arm_cp.0_75                            0x00003e84   Number         4  main.o(.text.main)
    __arm_cp.0_76                            0x00003e88   Number         4  main.o(.text.main)
    __arm_cp.0_78                            0x00003e90   Number         4  main.o(.text.main)
    __arm_cp.0_80                            0x00003e98   Number         4  main.o(.text.main)
    __arm_cp.0_83                            0x00003ea4   Number         4  main.o(.text.main)
    __arm_cp.0_84                            0x00003ea8   Number         4  main.o(.text.main)
    __arm_cp.0_88                            0x00003eb8   Number         4  main.o(.text.main)
    __arm_cp.0_6                             0x00004264   Number         4  main.o(.text.main)
    __arm_cp.0_8                             0x00004268   Number         4  main.o(.text.main)
    __arm_cp.0_9                             0x0000426c   Number         4  main.o(.text.main)
    __arm_cp.0_10                            0x00004270   Number         4  main.o(.text.main)
    __arm_cp.0_19                            0x00004274   Number         4  main.o(.text.main)
    __arm_cp.0_21                            0x00004278   Number         4  main.o(.text.main)
    __arm_cp.0_23                            0x0000427c   Number         4  main.o(.text.main)
    __arm_cp.0_24                            0x00004280   Number         4  main.o(.text.main)
    __arm_cp.0_27                            0x00004284   Number         4  main.o(.text.main)
    __arm_cp.0_28                            0x00004288   Number         4  main.o(.text.main)
    __arm_cp.0_29                            0x0000428c   Number         4  main.o(.text.main)
    __arm_cp.0_30                            0x00004290   Number         4  main.o(.text.main)
    __arm_cp.0_31                            0x00004294   Number         4  main.o(.text.main)
    __arm_cp.0_32                            0x00004298   Number         4  main.o(.text.main)
    __arm_cp.0_33                            0x0000429c   Number         4  main.o(.text.main)
    __arm_cp.0_34                            0x000042a0   Number         4  main.o(.text.main)
    __arm_cp.0_35                            0x000042a4   Number         4  main.o(.text.main)
    __arm_cp.0_36                            0x000042a8   Number         4  main.o(.text.main)
    __arm_cp.0_37                            0x000042ac   Number         4  main.o(.text.main)
    __arm_cp.0_38                            0x000042b0   Number         4  main.o(.text.main)
    __arm_cp.0_39                            0x000042b4   Number         4  main.o(.text.main)
    __arm_cp.0_40                            0x000042b8   Number         4  main.o(.text.main)
    __arm_cp.0_41                            0x000042bc   Number         4  main.o(.text.main)
    __arm_cp.0_42                            0x000042c0   Number         4  main.o(.text.main)
    __arm_cp.0_43                            0x000042c4   Number         4  main.o(.text.main)
    __arm_cp.0_44                            0x000042c8   Number         4  main.o(.text.main)
    __arm_cp.0_45                            0x000042cc   Number         4  main.o(.text.main)
    __arm_cp.0_46                            0x000042d0   Number         4  main.o(.text.main)
    __arm_cp.0_47                            0x000042d4   Number         4  main.o(.text.main)
    __arm_cp.0_48                            0x000042d8   Number         4  main.o(.text.main)
    __arm_cp.0_49                            0x000042dc   Number         4  main.o(.text.main)
    __arm_cp.0_51                            0x000042e0   Number         4  main.o(.text.main)
    __arm_cp.0_52                            0x000042e4   Number         4  main.o(.text.main)
    __arm_cp.0_53                            0x000042e8   Number         4  main.o(.text.main)
    __arm_cp.0_54                            0x000042ec   Number         4  main.o(.text.main)
    __arm_cp.0_55                            0x000042f0   Number         4  main.o(.text.main)
    __arm_cp.0_56                            0x000042f4   Number         4  main.o(.text.main)
    __arm_cp.0_57                            0x000042f8   Number         4  main.o(.text.main)
    parse_float                              0x000042fd   Thumb Code   316  vofa.o(.text.parse_float)
    [Anonymous Symbol]                       0x000042fc   Section        0  vofa.o(.text.parse_float)
    __arm_cp.7_0                             0x00004438   Number         4  vofa.o(.text.parse_float)
    __arm_cp.7_1                             0x0000443c   Number         4  vofa.o(.text.parse_float)
    ringbuf_copy                             0x00004441   Thumb Code   124  vofa.o(.text.ringbuf_copy)
    [Anonymous Symbol]                       0x00004440   Section        0  vofa.o(.text.ringbuf_copy)
    ringbuf_discard                          0x000044bd   Thumb Code    96  vofa.o(.text.ringbuf_discard)
    [Anonymous Symbol]                       0x000044bc   Section        0  vofa.o(.text.ringbuf_discard)
    ringbuf_push                             0x0000451d   Thumb Code    64  vofa.o(.text.ringbuf_push)
    [Anonymous Symbol]                       0x0000451c   Section        0  vofa.o(.text.ringbuf_push)
    __arm_cp.10_0                            0x0000455c   Number         4  vofa.o(.text.ringbuf_push)
    __arm_cp.10_1                            0x00004560   Number         4  vofa.o(.text.ringbuf_push)
    __arm_cp.10_2                            0x00004564   Number         4  vofa.o(.text.ringbuf_push)
    i.__0printf                              0x00004568   Section        0  printfa.o(i.__0printf)
    i.__0sprintf                             0x00004588   Section        0  printfa.o(i.__0sprintf)
    i.__ARM_clz                              0x000045b0   Section        0  depilogue.o(i.__ARM_clz)
    i.__ARM_fpclassifyf                      0x000045de   Section        0  fpclassifyf.o(i.__ARM_fpclassifyf)
    i.__mathlib_flt_divzero                  0x00004600   Section        0  funder.o(i.__mathlib_flt_divzero)
    i.__mathlib_flt_infnan2                  0x0000460e   Section        0  funder.o(i.__mathlib_flt_infnan2)
    i.__mathlib_flt_invalid                  0x00004616   Section        0  funder.o(i.__mathlib_flt_invalid)
    i.__mathlib_flt_overflow                 0x00004622   Section        0  funder.o(i.__mathlib_flt_overflow)
    i.__mathlib_flt_underflow                0x00004630   Section        0  funder.o(i.__mathlib_flt_underflow)
    i.__scatterload_copy                     0x00004640   Section       14  handlers.o(i.__scatterload_copy)
    i.__scatterload_null                     0x00004650   Section        2  handlers.o(i.__scatterload_null)
    i.__scatterload_zeroinit                 0x00004658   Section       14  handlers.o(i.__scatterload_zeroinit)
    i.__set_errno                            0x00004668   Section        0  errno.o(i.__set_errno)
    _fp_digits                               0x00004675   Thumb Code   344  printfa.o(i._fp_digits)
    i._fp_digits                             0x00004674   Section        0  printfa.o(i._fp_digits)
    _printf_core                             0x000047e9   Thumb Code  1754  printfa.o(i._printf_core)
    i._printf_core                           0x000047e8   Section        0  printfa.o(i._printf_core)
    _printf_post_padding                     0x00004ed5   Thumb Code    32  printfa.o(i._printf_post_padding)
    i._printf_post_padding                   0x00004ed4   Section        0  printfa.o(i._printf_post_padding)
    _printf_pre_padding                      0x00004ef5   Thumb Code    44  printfa.o(i._printf_pre_padding)
    i._printf_pre_padding                    0x00004ef4   Section        0  printfa.o(i._printf_pre_padding)
    _sputc                                   0x00004f21   Thumb Code    10  printfa.o(i._sputc)
    i._sputc                                 0x00004f20   Section        0  printfa.o(i._sputc)
    i.powf                                   0x00004f2c   Section        0  powf.o(i.powf)
    table                                    0x0000554c   Data         128  powf.o(.constdata)
    .constdata                               0x0000554c   Section      320  powf.o(.constdata)
    powersof2to1over16top                    0x000055cc   Data          64  powf.o(.constdata)
    powersof2to1over16bot                    0x0000560c   Data          64  powf.o(.constdata)
    powersof2to1over16all                    0x0000564c   Data          64  powf.o(.constdata)
    CMD_Key                                  0x0000568c   Data           5  gyro_6axis.o(.rodata.CMD_Key)
    [Anonymous Symbol]                       0x0000568c   Section        0  gyro_6axis.o(.rodata.CMD_Key)
    CMD_Save                                 0x00005691   Data           5  gyro_6axis.o(.rodata.CMD_Save)
    [Anonymous Symbol]                       0x00005691   Section        0  gyro_6axis.o(.rodata.CMD_Save)
    CMD_YawZero                              0x00005696   Data           5  gyro_6axis.o(.rodata.CMD_YawZero)
    [Anonymous Symbol]                       0x00005696   Section        0  gyro_6axis.o(.rodata.CMD_YawZero)
    gNTBClockConfig                          0x00006e5b   Data           3  ti_msp_dl_config.o(.rodata.gNTBClockConfig)
    [Anonymous Symbol]                       0x00006e5b   Section        0  ti_msp_dl_config.o(.rodata.gNTBClockConfig)
    gNTBTimerConfig                          0x00006e60   Data          20  ti_msp_dl_config.o(.rodata.gNTBTimerConfig)
    [Anonymous Symbol]                       0x00006e60   Section        0  ti_msp_dl_config.o(.rodata.gNTBTimerConfig)
    gPWM_0ClockConfig                        0x00006e74   Data           3  ti_msp_dl_config.o(.rodata.gPWM_0ClockConfig)
    [Anonymous Symbol]                       0x00006e74   Section        0  ti_msp_dl_config.o(.rodata.gPWM_0ClockConfig)
    gPWM_0Config                             0x00006e78   Data           8  ti_msp_dl_config.o(.rodata.gPWM_0Config)
    [Anonymous Symbol]                       0x00006e78   Section        0  ti_msp_dl_config.o(.rodata.gPWM_0Config)
    gSYSPLLConfig                            0x00006e80   Data          40  ti_msp_dl_config.o(.rodata.gSYSPLLConfig)
    [Anonymous Symbol]                       0x00006e80   Section        0  ti_msp_dl_config.o(.rodata.gSYSPLLConfig)
    gTIMER_0ClockConfig                      0x00006ea8   Data           3  ti_msp_dl_config.o(.rodata.gTIMER_0ClockConfig)
    [Anonymous Symbol]                       0x00006ea8   Section        0  ti_msp_dl_config.o(.rodata.gTIMER_0ClockConfig)
    gTIMER_0TimerConfig                      0x00006eac   Data          20  ti_msp_dl_config.o(.rodata.gTIMER_0TimerConfig)
    [Anonymous Symbol]                       0x00006eac   Section        0  ti_msp_dl_config.o(.rodata.gTIMER_0TimerConfig)
    gUART_0ClockConfig                       0x00006ec0   Data           2  ti_msp_dl_config.o(.rodata.gUART_0ClockConfig)
    [Anonymous Symbol]                       0x00006ec0   Section        0  ti_msp_dl_config.o(.rodata.gUART_0ClockConfig)
    gUART_0Config                            0x00006ec2   Data          10  ti_msp_dl_config.o(.rodata.gUART_0Config)
    [Anonymous Symbol]                       0x00006ec2   Section        0  ti_msp_dl_config.o(.rodata.gUART_0Config)
    gUART_1ClockConfig                       0x00006ecc   Data           2  ti_msp_dl_config.o(.rodata.gUART_1ClockConfig)
    [Anonymous Symbol]                       0x00006ecc   Section        0  ti_msp_dl_config.o(.rodata.gUART_1ClockConfig)
    gUART_1Config                            0x00006ece   Data          10  ti_msp_dl_config.o(.rodata.gUART_1Config)
    [Anonymous Symbol]                       0x00006ece   Section        0  ti_msp_dl_config.o(.rodata.gUART_1Config)
    gUART_2ClockConfig                       0x00006ed8   Data           2  ti_msp_dl_config.o(.rodata.gUART_2ClockConfig)
    [Anonymous Symbol]                       0x00006ed8   Section        0  ti_msp_dl_config.o(.rodata.gUART_2ClockConfig)
    gUART_2Config                            0x00006eda   Data          10  ti_msp_dl_config.o(.rodata.gUART_2Config)
    [Anonymous Symbol]                       0x00006eda   Section        0  ti_msp_dl_config.o(.rodata.gUART_2Config)
    justfloat_tail                           0x00006ee4   Data           4  vofa.o(.rodata.justfloat_tail)
    [Anonymous Symbol]                       0x00006ee4   Section        0  vofa.o(.rodata.justfloat_tail)
    [Anonymous Symbol]                       0x00006ee8   Section        0  main.o(.rodata.str1.1)
    track_weight                             0x00007050   Data          28  track.o(.rodata.track_weight)
    [Anonymous Symbol]                       0x00007050   Section        0  track.o(.rodata.track_weight)
    .data                                    0x20200000   Section        4  stdout.o(.data)
    _errno                                   0x20200004   Data           4  errno.o(.data)
    .data                                    0x20200004   Section        4  errno.o(.data)
    main.disp_page_last                      0x2020002c   Data           1  main.o(.data.main.disp_page_last)
    [Anonymous Symbol]                       0x2020002c   Section        0  main.o(.data.main.disp_page_last)
    Gyro6_ParseByte.ucRxBuffer               0x20200040   Data          11  gyro_6axis.o(.bss.Gyro6_ParseByte.ucRxBuffer)
    [Anonymous Symbol]                       0x20200040   Section        0  gyro_6axis.o(.bss.Gyro6_ParseByte.ucRxBuffer)
    Gyro6_ParseByte.ucRxCnt                  0x2020004b   Data           1  gyro_6axis.o(.bss.Gyro6_ParseByte.ucRxCnt)
    [Anonymous Symbol]                       0x2020004b   Section        0  gyro_6axis.o(.bss.Gyro6_ParseByte.ucRxCnt)
    LED2_StatusFlash.temp                    0x2020004c   Data           2  led.o(.bss.LED2_StatusFlash.temp)
    [Anonymous Symbol]                       0x2020004c   Section        0  led.o(.bss.LED2_StatusFlash.temp)
    angle_integral                           0x202004d0   Data           4  pid.o(.bss.angle_integral)
    [Anonymous Symbol]                       0x202004d0   Section        0  pid.o(.bss.angle_integral)
    angle_prev_error                         0x202004d4   Data           4  pid.o(.bss.angle_prev_error)
    [Anonymous Symbol]                       0x202004d4   Section        0  pid.o(.bss.angle_prev_error)
    main.key_prev                            0x20200628   Data           1  main.o(.bss.main.key_prev)
    [Anonymous Symbol]                       0x20200628   Section        0  main.o(.bss.main.key_prev)
    main.last_oled_ms                        0x2020062c   Data           4  main.o(.bss.main.last_oled_ms)
    [Anonymous Symbol]                       0x2020062c   Section        0  main.o(.bss.main.last_oled_ms)
    rx_buf                                   0x2020063c   Data         128  vofa.o(.bss.rx_buf)
    [Anonymous Symbol]                       0x2020063c   Section        0  vofa.o(.bss.rx_buf)
    rx_head                                  0x202006bc   Data           1  vofa.o(.bss.rx_head)
    [Anonymous Symbol]                       0x202006bc   Section        0  vofa.o(.bss.rx_head)
    rx_tail                                  0x202006bd   Data           1  vofa.o(.bss.rx_tail)
    [Anonymous Symbol]                       0x202006bd   Section        0  vofa.o(.bss.rx_tail)
    s_last_direction                         0x202006be   Data           1  track.o(.bss.s_last_direction)
    [Anonymous Symbol]                       0x202006be   Section        0  track.o(.bss.s_last_direction)
    s_last_valid_bias                        0x202006c0   Data           4  track.o(.bss.s_last_valid_bias)
    [Anonymous Symbol]                       0x202006c0   Section        0  track.o(.bss.s_last_valid_bias)
    s_lost_cnt                               0x202006c4   Data           2  track.o(.bss.s_lost_cnt)
    [Anonymous Symbol]                       0x202006c4   Section        0  track.o(.bss.s_lost_cnt)
    s_lost_crossed                           0x202006c6   Data           1  track.o(.bss.s_lost_crossed)
    [Anonymous Symbol]                       0x202006c6   Section        0  track.o(.bss.s_lost_crossed)
    s_track_err_last                         0x202006c8   Data           4  track.o(.bss.s_track_err_last)
    [Anonymous Symbol]                       0x202006c8   Section        0  track.o(.bss.s_track_err_last)
    vel_A_ctrl                               0x2020072c   Data           4  encoder.o(.bss.vel_A_ctrl)
    [Anonymous Symbol]                       0x2020072c   Section        0  encoder.o(.bss.vel_A_ctrl)
    vel_A_integral                           0x20200730   Data           4  encoder.o(.bss.vel_A_integral)
    [Anonymous Symbol]                       0x20200730   Section        0  encoder.o(.bss.vel_A_integral)
    vel_A_last_bias                          0x20200734   Data           4  encoder.o(.bss.vel_A_last_bias)
    [Anonymous Symbol]                       0x20200734   Section        0  encoder.o(.bss.vel_A_last_bias)
    vel_B_ctrl                               0x20200738   Data           4  encoder.o(.bss.vel_B_ctrl)
    [Anonymous Symbol]                       0x20200738   Section        0  encoder.o(.bss.vel_B_ctrl)
    vel_B_integral                           0x2020073c   Data           4  encoder.o(.bss.vel_B_integral)
    [Anonymous Symbol]                       0x2020073c   Section        0  encoder.o(.bss.vel_B_integral)
    vel_B_last_bias                          0x20200740   Data           4  encoder.o(.bss.vel_B_last_bias)
    [Anonymous Symbol]                       0x20200740   Section        0  encoder.o(.bss.vel_B_last_bias)
    STACK                                    0x20200748   Section     4096  startup_mspm0g350x_uvision.o(STACK)

    Global Symbols

    Symbol Name                              Value     Ov Type        Size  Object(Section)

    BuildAttributes$$THM_ISAv3M$S$PE$A:L22$X:L11$S22$IEEE1$IW$~IW$USESV6$~STKCKD$USESV7$~SHL$OTIME$ROPI$IEEEX$EBA8$MICROLIB$REQ8$PRES8$EABIv2 0x00000000   Number         0  anon$$obj.o ABSOLUTE
    __Vectors                                0x00000000   Data           4  startup_mspm0g350x_uvision.o(RESET)
    __cpp_initialize__aeabi_                  - Undefined Weak Reference
    __cxa_finalize                            - Undefined Weak Reference
    __decompress                              - Undefined Weak Reference
    _clock_init                               - Undefined Weak Reference
    _microlib_exit                            - Undefined Weak Reference
    __Vectors_End                            0x000000c0   Data           0  startup_mspm0g350x_uvision.o(RESET)
    __Vectors_Size                           0x000000c0   Number         0  startup_mspm0g350x_uvision.o ABSOLUTE
    __main                                   0x000000c1   Thumb Code     0  entry.o(.ARM.Collect$$$$00000000)
    _main_stk                                0x000000c1   Thumb Code     0  entry2.o(.ARM.Collect$$$$00000001)
    _main_scatterload                        0x000000c5   Thumb Code     0  entry5.o(.ARM.Collect$$$$00000004)
    __main_after_scatterload                 0x000000c9   Thumb Code     0  entry5.o(.ARM.Collect$$$$00000004)
    _main_clock                              0x000000c9   Thumb Code     0  entry7b.o(.ARM.Collect$$$$00000008)
    _main_cpp_init                           0x000000c9   Thumb Code     0  entry8b.o(.ARM.Collect$$$$0000000A)
    _main_init                               0x000000c9   Thumb Code     0  entry9a.o(.ARM.Collect$$$$0000000B)
    __rt_final_cpp                           0x000000d1   Thumb Code     0  entry10a.o(.ARM.Collect$$$$0000000D)
    __rt_final_exit                          0x000000d1   Thumb Code     0  entry11a.o(.ARM.Collect$$$$0000000F)
    Reset_Handler                            0x000000d5   Thumb Code     4  startup_mspm0g350x_uvision.o(.text)
    NMI_Handler                              0x000000d9   Thumb Code     2  startup_mspm0g350x_uvision.o(.text)
    HardFault_Handler                        0x000000db   Thumb Code     2  startup_mspm0g350x_uvision.o(.text)
    SVC_Handler                              0x000000dd   Thumb Code     2  startup_mspm0g350x_uvision.o(.text)
    PendSV_Handler                           0x000000df   Thumb Code     2  startup_mspm0g350x_uvision.o(.text)
    ADC0_IRQHandler                          0x000000e3   Thumb Code     0  startup_mspm0g350x_uvision.o(.text)
    ADC1_IRQHandler                          0x000000e3   Thumb Code     0  startup_mspm0g350x_uvision.o(.text)
    AES_IRQHandler                           0x000000e3   Thumb Code     0  startup_mspm0g350x_uvision.o(.text)
    CANFD0_IRQHandler                        0x000000e3   Thumb Code     0  startup_mspm0g350x_uvision.o(.text)
    DAC0_IRQHandler                          0x000000e3   Thumb Code     0  startup_mspm0g350x_uvision.o(.text)
    DMA_IRQHandler                           0x000000e3   Thumb Code     0  startup_mspm0g350x_uvision.o(.text)
    Default_Handler                          0x000000e3   Thumb Code     2  startup_mspm0g350x_uvision.o(.text)
    GROUP0_IRQHandler                        0x000000e3   Thumb Code     0  startup_mspm0g350x_uvision.o(.text)
    I2C0_IRQHandler                          0x000000e3   Thumb Code     0  startup_mspm0g350x_uvision.o(.text)
    I2C1_IRQHandler                          0x000000e3   Thumb Code     0  startup_mspm0g350x_uvision.o(.text)
    RTC_IRQHandler                           0x000000e3   Thumb Code     0  startup_mspm0g350x_uvision.o(.text)
    SPI0_IRQHandler                          0x000000e3   Thumb Code     0  startup_mspm0g350x_uvision.o(.text)
    SPI1_IRQHandler                          0x000000e3   Thumb Code     0  startup_mspm0g350x_uvision.o(.text)
    TIMA0_IRQHandler                         0x000000e3   Thumb Code     0  startup_mspm0g350x_uvision.o(.text)
    TIMA1_IRQHandler                         0x000000e3   Thumb Code     0  startup_mspm0g350x_uvision.o(.text)
    TIMG0_IRQHandler                         0x000000e3   Thumb Code     0  startup_mspm0g350x_uvision.o(.text)
    TIMG12_IRQHandler                        0x000000e3   Thumb Code     0  startup_mspm0g350x_uvision.o(.text)
    TIMG7_IRQHandler                         0x000000e3   Thumb Code     0  startup_mspm0g350x_uvision.o(.text)
    TIMG8_IRQHandler                         0x000000e3   Thumb Code     0  startup_mspm0g350x_uvision.o(.text)
    UART3_IRQHandler                         0x000000e3   Thumb Code     0  startup_mspm0g350x_uvision.o(.text)
    __aeabi_fadd                             0x000000e9   Thumb Code   162  fadd.o(.text)
    __aeabi_fsub                             0x0000018b   Thumb Code     8  fadd.o(.text)
    __aeabi_frsub                            0x00000193   Thumb Code     8  fadd.o(.text)
    __aeabi_fmul                             0x0000019b   Thumb Code   122  fmul.o(.text)
    __aeabi_fdiv                             0x00000215   Thumb Code   124  fdiv.o(.text)
    __aeabi_ddiv                             0x00000291   Thumb Code   234  ddiv.o(.text)
    __aeabi_fcmple                           0x00000381   Thumb Code    28  fcmple.o(.text)
    __aeabi_fcmplt                           0x0000039d   Thumb Code    28  fcmplt.o(.text)
    __aeabi_fcmpge                           0x000003b9   Thumb Code    28  fcmpge.o(.text)
    __aeabi_fcmpeq                           0x000003d5   Thumb Code    28  fcmpeq.o(.text)
    __aeabi_i2f                              0x000003f1   Thumb Code    22  fflti.o(.text)
    __aeabi_ui2f                             0x00000407   Thumb Code    14  ffltui.o(.text)
    __aeabi_ui2d                             0x00000415   Thumb Code    24  dfltui.o(.text)
    __aeabi_f2iz                             0x00000431   Thumb Code    50  ffixi.o(.text)
    __aeabi_f2d                              0x00000463   Thumb Code    40  f2d.o(.text)
    __aeabi_uidiv                            0x0000048b   Thumb Code     0  uidiv_div0.o(.text)
    __aeabi_uidivmod                         0x0000048b   Thumb Code    62  uidiv_div0.o(.text)
    __aeabi_idiv                             0x000004c9   Thumb Code     0  idiv_div0.o(.text)
    __aeabi_idivmod$div0                     0x000004c9   Thumb Code    74  idiv_div0.o(.text)
    __aeabi_uldivmod                         0x00000519   Thumb Code    96  uldiv.o(.text)
    __aeabi_llsr                             0x00000579   Thumb Code    34  llushr.o(.text)
    _ll_ushift_r                             0x00000579   Thumb Code     0  llushr.o(.text)
    __I$use$fp                               0x0000059b   Thumb Code     0  iusefp.o(.text)
    _float_round                             0x0000059b   Thumb Code    16  fepilogue.o(.text)
    _float_epilogue                          0x000005ab   Thumb Code   114  fepilogue.o(.text)
    __ARM_scalbnf                            0x0000061d   Thumb Code    24  fscalb.o(.text)
    scalbnf                                  0x0000061d   Thumb Code     0  fscalb.o(.text)
    _double_round                            0x00000635   Thumb Code    26  depilogue.o(.text)
    _double_epilogue                         0x0000064f   Thumb Code   164  depilogue.o(.text)
    __aeabi_dadd                             0x000006f5   Thumb Code   328  dadd.o(.text)
    __aeabi_dsub                             0x0000083d   Thumb Code    12  dadd.o(.text)
    __aeabi_drsub                            0x00000849   Thumb Code    12  dadd.o(.text)
    __aeabi_dmul                             0x00000859   Thumb Code   202  dmul.o(.text)
    __aeabi_d2ulz                            0x00000929   Thumb Code    54  dfixul.o(.text)
    _ffix_r                                  0x00000969   Thumb Code    76  ffixir.o(.text)
    __aeabi_cdrcmple                         0x000009b5   Thumb Code    38  cdrcmple.o(.text)
    __fp_status                              0x000009dd   Thumb Code     4  fpstat.o(.text)
    __ieee_status                            0x000009dd   Thumb Code     0  fpstat.o(.text)
    __scatterload                            0x000009e1   Thumb Code    38  init.o(.text)
    __scatterload_rt2                        0x000009e1   Thumb Code     0  init.o(.text)
    __aeabi_llsl                             0x00000a11   Thumb Code    32  llshl.o(.text)
    _ll_shift_l                              0x00000a11   Thumb Code     0  llshl.o(.text)
    __aeabi_lasr                             0x00000a31   Thumb Code    38  llsshr.o(.text)
    _ll_sshift_r                             0x00000a31   Thumb Code     0  llsshr.o(.text)
    Angle_PID_Reset                          0x00000a59   Thumb Code    12  pid.o(.text.Angle_PID_Reset)
    DL_Common_delayCycles                    0x00000a6d   Thumb Code    20  dl_common.o(.text.DL_Common_delayCycles)
    DL_SYSCTL_configSYSPLL                   0x00000d95   Thumb Code   192  dl_sysctl_mspm0g1x0x_g3x0x.o(.text.DL_SYSCTL_configSYSPLL)
    DL_SYSCTL_switchMCLKfromSYSOSCtoHSCLK    0x00000eed   Thumb Code    40  dl_sysctl_mspm0g1x0x_g3x0x.o(.text.DL_SYSCTL_switchMCLKfromSYSOSCtoHSCLK)
    DL_TimerA_initPWMMode                    0x00000f15   Thumb Code   234  dl_timer.o(.text.DL_TimerA_initPWMMode)
    DL_Timer_initPWMMode                     0x00001061   Thumb Code   260  dl_timer.o(.text.DL_Timer_initPWMMode)
    DL_Timer_initTimerMode                   0x0000116d   Thumb Code   252  dl_timer.o(.text.DL_Timer_initTimerMode)
    DL_Timer_setCaptCompUpdateMethod         0x0000128d   Thumb Code    48  dl_timer.o(.text.DL_Timer_setCaptCompUpdateMethod)
    DL_Timer_setCaptureCompareAction         0x000012bd   Thumb Code    44  dl_timer.o(.text.DL_Timer_setCaptureCompareAction)
    DL_Timer_setCaptureCompareCtl            0x000012f1   Thumb Code    52  dl_timer.o(.text.DL_Timer_setCaptureCompareCtl)
    DL_Timer_setCaptureCompareInput          0x0000132d   Thumb Code    52  dl_timer.o(.text.DL_Timer_setCaptureCompareInput)
    DL_Timer_setCaptureCompareOutCtl         0x00001361   Thumb Code    60  dl_timer.o(.text.DL_Timer_setCaptureCompareOutCtl)
    DL_Timer_setCaptureCompareValue          0x000013a1   Thumb Code    40  dl_timer.o(.text.DL_Timer_setCaptureCompareValue)
    DL_Timer_setClockConfig                  0x000013cd   Thumb Code    44  dl_timer.o(.text.DL_Timer_setClockConfig)
    DL_UART_init                             0x0000152d   Thumb Code    68  dl_uart.o(.text.DL_UART_init)
    DL_UART_setClockConfig                   0x00001619   Thumb Code    32  dl_uart.o(.text.DL_UART_setClockConfig)
    DL_UART_transmitDataBlocking             0x000016bf   Thumb Code    40  dl_uart.o(.text.DL_UART_transmitDataBlocking)
    Encoder_GetAndClear                      0x000016e9   Thumb Code    68  encoder.o(.text.Encoder_GetAndClear)
    GROUP1_IRQHandler                        0x0000172d   Thumb Code   256  encoder.o(.text.GROUP1_IRQHandler)
    Gyro6_Init                               0x0000183d   Thumb Code   112  gyro_6axis.o(.text.Gyro6_Init)
    Gyro6_ParseByte                          0x000018c1   Thumb Code   980  gyro_6axis.o(.text.Gyro6_ParseByte)
    Gyro6_SendCalibrate                      0x00001cb5   Thumb Code    48  gyro_6axis.o(.text.Gyro6_SendCalibrate)
    Gyro6_Yaw                                0x00001d29   Thumb Code     8  gyro_6axis.o(.text.Gyro6_Yaw)
    Key_Scan                                 0x00001d35   Thumb Code    92  key.o(.text.Key_Scan)
    LED2_ON                                  0x00001d95   Thumb Code    16  led.o(.text.LED2_ON)
    LED2_StatusFlash                         0x00001da5   Thumb Code    68  led.o(.text.LED2_StatusFlash)
    LED2_Toggle                              0x00001ded   Thumb Code    16  led.o(.text.LED2_Toggle)
    Motor_Brake                              0x00001dfd   Thumb Code    72  motor.o(.text.Motor_Brake)
    OLED_Clear                               0x00001e49   Thumb Code    92  oled.o(.text.OLED_Clear)
    OLED_ClearPoint                          0x00001ea5   Thumb Code    96  oled.o(.text.OLED_ClearPoint)
    OLED_DrawPoint                           0x00001f05   Thumb Code    68  oled.o(.text.OLED_DrawPoint)
    OLED_Init                                0x00001f49   Thumb Code   246  oled.o(.text.OLED_Init)
    OLED_Refresh                             0x00002041   Thumb Code   120  oled.o(.text.OLED_Refresh)
    OLED_ShowChar                            0x000020ed   Thumb Code   332  oled.o(.text.OLED_ShowChar)
    OLED_ShowString                          0x00002245   Thumb Code   152  oled.o(.text.OLED_ShowString)
    OLED_WR_Byte                             0x000022dd   Thumb Code   156  oled.o(.text.OLED_WR_Byte)
    SYSCFG_DL_GPIO_init                      0x0000237d   Thumb Code   408  ti_msp_dl_config.o(.text.SYSCFG_DL_GPIO_init)
    SYSCFG_DL_NTB_init                       0x00002529   Thumb Code    32  ti_msp_dl_config.o(.text.SYSCFG_DL_NTB_init)
    SYSCFG_DL_PWM_0_init                     0x00002551   Thumb Code   116  ti_msp_dl_config.o(.text.SYSCFG_DL_PWM_0_init)
    SYSCFG_DL_SYSCTL_init                    0x000025cd   Thumb Code    72  ti_msp_dl_config.o(.text.SYSCFG_DL_SYSCTL_init)
    SYSCFG_DL_TIMER_0_init                   0x00002619   Thumb Code    52  ti_msp_dl_config.o(.text.SYSCFG_DL_TIMER_0_init)
    SYSCFG_DL_UART_0_init                    0x00002655   Thumb Code    60  ti_msp_dl_config.o(.text.SYSCFG_DL_UART_0_init)
    SYSCFG_DL_UART_1_init                    0x00002699   Thumb Code    60  ti_msp_dl_config.o(.text.SYSCFG_DL_UART_1_init)
    SYSCFG_DL_UART_2_init                    0x000026dd   Thumb Code    52  ti_msp_dl_config.o(.text.SYSCFG_DL_UART_2_init)
    SYSCFG_DL_init                           0x00002719   Thumb Code    56  ti_msp_dl_config.o(.text.SYSCFG_DL_init)
    SYSCFG_DL_initPower                      0x00002759   Thumb Code   128  ti_msp_dl_config.o(.text.SYSCFG_DL_initPower)
    Set_PWM                                  0x000027f5   Thumb Code   252  motor.o(.text.Set_PWM)
    SysTick_Handler                          0x00002945   Thumb Code    12  main.o(.text.SysTick_Handler)
    SysTick_Init                             0x00002951   Thumb Code    20  board.o(.text.SysTick_Init)
    Systick_getTick                          0x00002969   Thumb Code     8  bsp_systick.o(.text.Systick_getTick)
    TIMG6_IRQHandler                         0x00002975   Thumb Code  1092  main.o(.text.TIMG6_IRQHandler)
    Track_GetError                           0x00002e31   Thumb Code   320  track.o(.text.Track_GetError)
    Track_GetState                           0x00002f85   Thumb Code   216  track.o(.text.Track_GetState)
    Track_Steering_Compute                   0x00003065   Thumb Code   180  track.o(.text.Track_Steering_Compute)
    UART0_IRQHandler                         0x0000312d   Thumb Code    52  main.o(.text.UART0_IRQHandler)
    UART1_IRQHandler                         0x00003165   Thumb Code    64  main.o(.text.UART1_IRQHandler)
    UART2_IRQHandler                         0x000031a9   Thumb Code    64  main.o(.text.UART2_IRQHandler)
    Vel_PI_Reset_A                           0x000031e9   Thumb Code    16  encoder.o(.text.Vel_PI_Reset_A)
    Vel_PI_Reset_B                           0x000031f9   Thumb Code    16  encoder.o(.text.Vel_PI_Reset_B)
    Velocity_A                               0x00003209   Thumb Code   212  encoder.o(.text.Velocity_A)
    Velocity_B                               0x000032e9   Thumb Code   212  encoder.o(.text.Velocity_B)
    Vofa_JustFloat_Send                      0x000033ed   Thumb Code   152  vofa.o(.text.Vofa_JustFloat_Send)
    Vofa_PollCommand                         0x0000348d   Thumb Code   596  vofa.o(.text.Vofa_PollCommand)
    Vofa_RX_ISR                              0x00003705   Thumb Code    20  vofa.o(.text.Vofa_RX_ISR)
    delay_ms                                 0x00003951   Thumb Code    36  bsp_systick.o(.text.delay_ms)
    delay_us                                 0x0000398d   Thumb Code   132  bsp_systick.o(.text.delay_us)
    fputc                                    0x00003a49   Thumb Code    40  bsp_printf.o(.text.fputc)
    limit_PWM                                0x00003a75   Thumb Code    52  motor.o(.text.limit_PWM)
    main                                     0x00003aa9   Thumb Code  1980  main.o(.text.main)
    __0printf                                0x00004569   Thumb Code    24  printfa.o(i.__0printf)
    __1printf                                0x00004569   Thumb Code     0  printfa.o(i.__0printf)
    __2printf                                0x00004569   Thumb Code     0  printfa.o(i.__0printf)
    __c89printf                              0x00004569   Thumb Code     0  printfa.o(i.__0printf)
    printf                                   0x00004569   Thumb Code     0  printfa.o(i.__0printf)
    __0sprintf                               0x00004589   Thumb Code    36  printfa.o(i.__0sprintf)
    __1sprintf                               0x00004589   Thumb Code     0  printfa.o(i.__0sprintf)
    __2sprintf                               0x00004589   Thumb Code     0  printfa.o(i.__0sprintf)
    __c89sprintf                             0x00004589   Thumb Code     0  printfa.o(i.__0sprintf)
    sprintf                                  0x00004589   Thumb Code     0  printfa.o(i.__0sprintf)
    __ARM_clz                                0x000045b1   Thumb Code    46  depilogue.o(i.__ARM_clz)
    __ARM_fpclassifyf                        0x000045df   Thumb Code    34  fpclassifyf.o(i.__ARM_fpclassifyf)
    __mathlib_flt_divzero                    0x00004601   Thumb Code    14  funder.o(i.__mathlib_flt_divzero)
    __mathlib_flt_infnan2                    0x0000460f   Thumb Code     8  funder.o(i.__mathlib_flt_infnan2)
    __mathlib_flt_invalid                    0x00004617   Thumb Code    12  funder.o(i.__mathlib_flt_invalid)
    __mathlib_flt_overflow                   0x00004623   Thumb Code    14  funder.o(i.__mathlib_flt_overflow)
    __mathlib_flt_underflow                  0x00004631   Thumb Code    14  funder.o(i.__mathlib_flt_underflow)
    __scatterload_copy                       0x00004641   Thumb Code    14  handlers.o(i.__scatterload_copy)
    __scatterload_null                       0x00004651   Thumb Code     2  handlers.o(i.__scatterload_null)
    __scatterload_zeroinit                   0x00004659   Thumb Code    14  handlers.o(i.__scatterload_zeroinit)
    __set_errno                              0x00004669   Thumb Code     6  errno.o(i.__set_errno)
    __mathlib_powf                           0x00004f2d   Thumb Code     0  powf.o(i.powf)
    powf                                     0x00004f2d   Thumb Code  1538  powf.o(i.powf)
    asc2_1206                                0x0000569b   Data        1140  oled.o(.rodata.asc2_1206)
    asc2_1608                                0x00005b0f   Data        1520  oled.o(.rodata.asc2_1608)
    asc2_2412                                0x000060ff   Data        3420  oled.o(.rodata.asc2_2412)
    Region$$Table$$Base                      0x0000706c   Number         0  anon$$obj.o(Region$$Table)
    Region$$Table$$Limit                     0x0000708c   Number         0  anon$$obj.o(Region$$Table)
    __stdout                                 0x20200000   Data           4  stdout.o(.data)
    TRACK_KD                                 0x20200008   Data           4  track.o(.data.TRACK_KD)
    TRACK_KD_T1                              0x2020000c   Data           4  track.o(.data.TRACK_KD_T1)
    TRACK_KD_T2                              0x20200010   Data           4  track.o(.data.TRACK_KD_T2)
    TRACK_KP                                 0x20200014   Data           4  track.o(.data.TRACK_KP)
    TRACK_KP_T1                              0x20200018   Data           4  track.o(.data.TRACK_KP_T1)
    TRACK_KP_T2                              0x2020001c   Data           4  track.o(.data.TRACK_KP_T2)
    Velcity_Kff                              0x20200020   Data           4  encoder.o(.data.Velcity_Kff)
    Velcity_Ki                               0x20200024   Data           4  encoder.o(.data.Velcity_Ki)
    Velcity_Kp                               0x20200028   Data           4  encoder.o(.data.Velcity_Kp)
    target_pulse                             0x20200030   Data           4  main.o(.data.target_pulse)
    Get_Encoder_countA                       0x20200038   Data           4  encoder.o(.bss.Get_Encoder_countA)
    Get_Encoder_countB                       0x2020003c   Data           4  encoder.o(.bss.Get_Encoder_countB)
    OLED_GRAM                                0x2020004e   Data        1152  oled.o(.bss.OLED_GRAM)
    cur_pwmL                                 0x202004d8   Data           4  main.o(.bss.cur_pwmL)
    cur_pwmR                                 0x202004dc   Data           4  main.o(.bss.cur_pwmR)
    decel_active                             0x202004e0   Data           1  main.o(.bss.decel_active)
    decel_count                              0x202004e1   Data           1  main.o(.bss.decel_count)
    enc_L                                    0x202004e4   Data           4  main.o(.bss.enc_L)
    enc_R                                    0x202004e8   Data           4  main.o(.bss.enc_R)
    gPWM_0Backup                             0x202004ec   Data         188  ti_msp_dl_config.o(.bss.gPWM_0Backup)
    gTIMER_0Backup                           0x202005a8   Data         120  ti_msp_dl_config.o(.bss.gTIMER_0Backup)
    lap_dist_m                               0x20200620   Data           4  main.o(.bss.lap_dist_m)
    lap_speed_base                           0x20200624   Data           4  main.o(.bss.lap_speed_base)
    oled_page                                0x20200630   Data           1  main.o(.bss.oled_page)
    run_elapsed_ms                           0x20200634   Data           4  main.o(.bss.run_elapsed_ms)
    run_start_ms                             0x20200638   Data           4  main.o(.bss.run_start_ms)
    speed_running                            0x202006cc   Data           1  main.o(.bss.speed_running)
    speed_test_mode                          0x202006cd   Data           1  main.o(.bss.speed_test_mode)
    start_yaw                                0x202006d0   Data           4  main.o(.bss.start_yaw)
    stcAccel6                                0x202006d4   Data          20  gyro_6axis.o(.bss.stcAccel6)
    stcAngle6                                0x202006e8   Data          12  gyro_6axis.o(.bss.stcAngle6)
    stcGyro6                                 0x202006f4   Data          20  gyro_6axis.o(.bss.stcGyro6)
    stcQuat6                                 0x20200708   Data          16  gyro_6axis.o(.bss.stcQuat6)
    sys_tick_ms                              0x20200718   Data           4  main.o(.bss.sys_tick_ms)
    t2_arm_ms                                0x2020071c   Data           4  main.o(.bss.t2_arm_ms)
    t2_armed                                 0x20200720   Data           1  main.o(.bss.t2_armed)
    t3_armed                                 0x20200721   Data           1  main.o(.bss.t3_armed)
    task_sel                                 0x20200722   Data           1  main.o(.bss.task_sel)
    track_diff_disp                          0x20200724   Data           4  main.o(.bss.track_diff_disp)
    track_err_disp                           0x20200728   Data           4  main.o(.bss.track_err_disp)
    __initial_sp                             0x20201748   Data           0  startup_mspm0g350x_uvision.o(STACK)



==============================================================================

Memory Map of the image

  Image Entry point : 0x000000c1

  Load Region LR_IROM1 (Base: 0x00000000, Size: 0x000070c8, Max: 0x00020000, ABSOLUTE)

    Execution Region ER_IROM1 (Exec base: 0x00000000, Load base: 0x00000000, Size: 0x0000708c, Max: 0x00020000, ABSOLUTE)

    Exec Addr    Load Addr    Size         Type   Attr      Idx    E Section Name        Object

    0x00000000   0x00000000   0x000000c0   Data   RO            3    RESET               startup_mspm0g350x_uvision.o
    0x000000c0   0x000000c0   0x00000000   Code   RO         1898  * .ARM.Collect$$$$00000000  mc_p.l(entry.o)
    0x000000c0   0x000000c0   0x00000004   Code   RO         1986    .ARM.Collect$$$$00000001  mc_p.l(entry2.o)
    0x000000c4   0x000000c4   0x00000004   Code   RO         1989    .ARM.Collect$$$$00000004  mc_p.l(entry5.o)
    0x000000c8   0x000000c8   0x00000000   Code   RO         1991    .ARM.Collect$$$$00000008  mc_p.l(entry7b.o)
    0x000000c8   0x000000c8   0x00000000   Code   RO         1993    .ARM.Collect$$$$0000000A  mc_p.l(entry8b.o)
    0x000000c8   0x000000c8   0x00000008   Code   RO         1994    .ARM.Collect$$$$0000000B  mc_p.l(entry9a.o)
    0x000000d0   0x000000d0   0x00000000   Code   RO         1996    .ARM.Collect$$$$0000000D  mc_p.l(entry10a.o)
    0x000000d0   0x000000d0   0x00000000   Code   RO         1998    .ARM.Collect$$$$0000000F  mc_p.l(entry11a.o)
    0x000000d0   0x000000d0   0x00000004   Code   RO         1987    .ARM.Collect$$$$00002712  mc_p.l(entry2.o)
    0x000000d4   0x000000d4   0x00000014   Code   RO            4    .text               startup_mspm0g350x_uvision.o
    0x000000e8   0x000000e8   0x000000b2   Code   RO         1940    .text               mf_p.l(fadd.o)
    0x0000019a   0x0000019a   0x0000007a   Code   RO         1942    .text               mf_p.l(fmul.o)
    0x00000214   0x00000214   0x0000007c   Code   RO         1944    .text               mf_p.l(fdiv.o)
    0x00000290   0x00000290   0x000000f0   Code   RO         1946    .text               mf_p.l(ddiv.o)
    0x00000380   0x00000380   0x0000001c   Code   RO         1948    .text               mf_p.l(fcmple.o)
    0x0000039c   0x0000039c   0x0000001c   Code   RO         1950    .text               mf_p.l(fcmplt.o)
    0x000003b8   0x000003b8   0x0000001c   Code   RO         1952    .text               mf_p.l(fcmpge.o)
    0x000003d4   0x000003d4   0x0000001c   Code   RO         1954    .text               mf_p.l(fcmpeq.o)
    0x000003f0   0x000003f0   0x00000016   Code   RO         1956    .text               mf_p.l(fflti.o)
    0x00000406   0x00000406   0x0000000e   Code   RO         1958    .text               mf_p.l(ffltui.o)
    0x00000414   0x00000414   0x0000001c   Code   RO         1960    .text               mf_p.l(dfltui.o)
    0x00000430   0x00000430   0x00000032   Code   RO         1962    .text               mf_p.l(ffixi.o)
    0x00000462   0x00000462   0x00000028   Code   RO         1968    .text               mf_p.l(f2d.o)
    0x0000048a   0x0000048a   0x0000003e   Code   RO         2004    .text               mc_p.l(uidiv_div0.o)
    0x000004c8   0x000004c8   0x00000050   Code   RO         2006    .text               mc_p.l(idiv_div0.o)
    0x00000518   0x00000518   0x00000060   Code   RO         2010    .text               mc_p.l(uldiv.o)
    0x00000578   0x00000578   0x00000022   Code   RO         2012    .text               mc_p.l(llushr.o)
    0x0000059a   0x0000059a   0x00000000   Code   RO         2021    .text               mc_p.l(iusefp.o)
    0x0000059a   0x0000059a   0x00000082   Code   RO         2022    .text               mf_p.l(fepilogue.o)
    0x0000061c   0x0000061c   0x00000018   Code   RO         2024    .text               mf_p.l(fscalb.o)
    0x00000634   0x00000634   0x000000be   Code   RO         2026    .text               mf_p.l(depilogue.o)
    0x000006f2   0x000006f2   0x00000002   PAD
    0x000006f4   0x000006f4   0x00000164   Code   RO         2030    .text               mf_p.l(dadd.o)
    0x00000858   0x00000858   0x000000d0   Code   RO         2032    .text               mf_p.l(dmul.o)
    0x00000928   0x00000928   0x00000040   Code   RO         2034    .text               mf_p.l(dfixul.o)
    0x00000968   0x00000968   0x0000004c   Code   RO         2036    .text               mf_p.l(ffixir.o)
    0x000009b4   0x000009b4   0x00000028   Code   RO         2038    .text               mf_p.l(cdrcmple.o)
    0x000009dc   0x000009dc   0x00000004   Code   RO         2040    .text               mf_p.l(fpstat.o)
    0x000009e0   0x000009e0   0x00000030   Code   RO         2042    .text               mc_p.l(init.o)
    0x00000a10   0x00000a10   0x00000020   Code   RO         2044    .text               mc_p.l(llshl.o)
    0x00000a30   0x00000a30   0x00000026   Code   RO         2046    .text               mc_p.l(llsshr.o)
    0x00000a56   0x00000a56   0x00000002   PAD
    0x00000a58   0x00000a58   0x00000014   Code   RO         1541    .text.Angle_PID_Reset  pid.o
    0x00000a6c   0x00000a6c   0x00000014   Code   RO         1251    .text.DL_Common_delayCycles  dl_common.o
    0x00000a80   0x00000a80   0x00000028   Code   RO           41    .text.DL_Common_updateReg  main.o
    0x00000aa8   0x00000aa8   0x00000028   Code   RO          192    .text.DL_Common_updateReg  ti_msp_dl_config.o
    0x00000ad0   0x00000ad0   0x00000028   Code   RO          233    .text.DL_Common_updateReg  dl_uart.o
    0x00000af8   0x00000af8   0x00000028   Code   RO          323    .text.DL_Common_updateReg  dl_timer.o
    0x00000b20   0x00000b20   0x00000028   Code   RO         1782    .text.DL_Common_updateReg  gyro_6axis.o
    0x00000b48   0x00000b48   0x00000018   Code   RO          158    .text.DL_GPIO_clearInterruptStatus  ti_msp_dl_config.o
    0x00000b60   0x00000b60   0x0000001c   Code   RO         1371    .text.DL_GPIO_clearInterruptStatus  encoder.o
    0x00000b7c   0x00000b7c   0x00000014   Code   RO          152    .text.DL_GPIO_clearPins  ti_msp_dl_config.o
    0x00000b90   0x00000b90   0x00000014   Code   RO         1330    .text.DL_GPIO_clearPins  motor.o
    0x00000ba4   0x00000ba4   0x00000014   Code   RO         1483    .text.DL_GPIO_clearPins  oled.o
    0x00000bb8   0x00000bb8   0x0000001c   Code   RO          160    .text.DL_GPIO_enableInterrupt  ti_msp_dl_config.o
    0x00000bd4   0x00000bd4   0x00000018   Code   RO          142    .text.DL_GPIO_enableOutput  ti_msp_dl_config.o
    0x00000bec   0x00000bec   0x00000018   Code   RO          134    .text.DL_GPIO_enablePower  ti_msp_dl_config.o
    0x00000c04   0x00000c04   0x00000018   Code   RO         1367    .text.DL_GPIO_getEnabledInterruptStatus  encoder.o
    0x00000c1c   0x00000c1c   0x00000014   Code   RO          148    .text.DL_GPIO_initDigitalInput  ti_msp_dl_config.o
    0x00000c30   0x00000c30   0x00000030   Code   RO          150    .text.DL_GPIO_initDigitalInputFeatures  ti_msp_dl_config.o
    0x00000c60   0x00000c60   0x00000014   Code   RO          146    .text.DL_GPIO_initDigitalOutput  ti_msp_dl_config.o
    0x00000c74   0x00000c74   0x0000001c   Code   RO          144    .text.DL_GPIO_initPeripheralInputFunction  ti_msp_dl_config.o
    0x00000c90   0x00000c90   0x0000001c   Code   RO          140    .text.DL_GPIO_initPeripheralOutputFunction  ti_msp_dl_config.o
    0x00000cac   0x00000cac   0x00000016   Code   RO         1369    .text.DL_GPIO_readPins  encoder.o
    0x00000cc2   0x00000cc2   0x00000016   Code   RO         1468    .text.DL_GPIO_readPins  key.o
    0x00000cd8   0x00000cd8   0x00000016   Code   RO         1674    .text.DL_GPIO_readPins  track.o
    0x00000cee   0x00000cee   0x00000002   PAD
    0x00000cf0   0x00000cf0   0x00000018   Code   RO          128    .text.DL_GPIO_reset  ti_msp_dl_config.o
    0x00000d08   0x00000d08   0x0000001c   Code   RO          154    .text.DL_GPIO_setLowerPinsPolarity  ti_msp_dl_config.o
    0x00000d24   0x00000d24   0x00000014   Code   RO         1328    .text.DL_GPIO_setPins  motor.o
    0x00000d38   0x00000d38   0x00000014   Code   RO         1481    .text.DL_GPIO_setPins  oled.o
    0x00000d4c   0x00000d4c   0x00000018   Code   RO         1803    .text.DL_GPIO_setPins  led.o
    0x00000d64   0x00000d64   0x00000018   Code   RO          156    .text.DL_GPIO_setUpperPinsPolarity  ti_msp_dl_config.o
    0x00000d7c   0x00000d7c   0x00000018   Code   RO         1817    .text.DL_GPIO_togglePins  led.o
    0x00000d94   0x00000d94   0x000000c0   Code   RO         1862    .text.DL_SYSCTL_configSYSPLL  driverlib.a(dl_sysctl_mspm0g1x0x_g3x0x.o)
    0x00000e54   0x00000e54   0x0000000c   Code   RO          168    .text.DL_SYSCTL_disableHFXT  ti_msp_dl_config.o
    0x00000e60   0x00000e60   0x00000014   Code   RO          170    .text.DL_SYSCTL_disableSYSPLL  ti_msp_dl_config.o
    0x00000e74   0x00000e74   0x00000010   Code   RO          174    .text.DL_SYSCTL_enableMFCLK  ti_msp_dl_config.o
    0x00000e84   0x00000e84   0x00000018   Code   RO          162    .text.DL_SYSCTL_setBORThreshold  ti_msp_dl_config.o
    0x00000e9c   0x00000e9c   0x0000001c   Code   RO          164    .text.DL_SYSCTL_setFlashWaitState  ti_msp_dl_config.o
    0x00000eb8   0x00000eb8   0x0000001c   Code   RO          166    .text.DL_SYSCTL_setSYSOSCFreq  ti_msp_dl_config.o
    0x00000ed4   0x00000ed4   0x00000018   Code   RO          172    .text.DL_SYSCTL_setULPCLKDivider  ti_msp_dl_config.o
    0x00000eec   0x00000eec   0x00000028   Code   RO         1870    .text.DL_SYSCTL_switchMCLKfromSYSOSCtoHSCLK  driverlib.a(dl_sysctl_mspm0g1x0x_g3x0x.o)
    0x00000f14   0x00000f14   0x000000ea   Code   RO          375    .text.DL_TimerA_initPWMMode  dl_timer.o
    0x00000ffe   0x00000ffe   0x00000002   PAD
    0x00001000   0x00001000   0x00000018   Code   RO           37    .text.DL_Timer_clearInterruptStatus  main.o
    0x00001018   0x00001018   0x00000014   Code   RO          178    .text.DL_Timer_enableClock  ti_msp_dl_config.o
    0x0000102c   0x0000102c   0x0000001c   Code   RO          182    .text.DL_Timer_enableInterrupt  ti_msp_dl_config.o
    0x00001048   0x00001048   0x00000018   Code   RO          136    .text.DL_Timer_enablePower  ti_msp_dl_config.o
    0x00001060   0x00001060   0x0000010c   Code   RO          335    .text.DL_Timer_initPWMMode  dl_timer.o
    0x0000116c   0x0000116c   0x000000fc   Code   RO          305    .text.DL_Timer_initTimerMode  dl_timer.o
    0x00001268   0x00001268   0x00000010   Code   RO          130    .text.DL_Timer_reset  ti_msp_dl_config.o
    0x00001278   0x00001278   0x00000014   Code   RO          180    .text.DL_Timer_setCCPDirection  ti_msp_dl_config.o
    0x0000128c   0x0000128c   0x00000030   Code   RO          349    .text.DL_Timer_setCaptCompUpdateMethod  dl_timer.o
    0x000012bc   0x000012bc   0x00000034   Code   RO          337    .text.DL_Timer_setCaptureCompareAction  dl_timer.o
    0x000012f0   0x000012f0   0x0000003c   Code   RO          313    .text.DL_Timer_setCaptureCompareCtl  dl_timer.o
    0x0000132c   0x0000132c   0x00000034   Code   RO          319    .text.DL_Timer_setCaptureCompareInput  dl_timer.o
    0x00001360   0x00001360   0x00000040   Code   RO          339    .text.DL_Timer_setCaptureCompareOutCtl  dl_timer.o
    0x000013a0   0x000013a0   0x0000002c   Code   RO          311    .text.DL_Timer_setCaptureCompareValue  dl_timer.o
    0x000013cc   0x000013cc   0x0000002c   Code   RO          301    .text.DL_Timer_setClockConfig  dl_timer.o
    0x000013f8   0x000013f8   0x0000001c   Code   RO          309    .text.DL_Timer_setCounterValueAfterEnable  dl_timer.o
    0x00001414   0x00001414   0x00000018   Code   RO          307    .text.DL_Timer_setLoadValue  dl_timer.o
    0x0000142c   0x0000142c   0x00000018   Code   RO           13    .text.DL_Timer_startCounter  main.o
    0x00001444   0x00001444   0x00000014   Code   RO           19    .text.DL_UART_clearInterruptStatus  main.o
    0x00001458   0x00001458   0x00000018   Code   RO         1746    .text.DL_UART_clearInterruptStatus  gyro_6axis.o
    0x00001470   0x00001470   0x00000016   Code   RO          231    .text.DL_UART_disable  dl_uart.o
    0x00001486   0x00001486   0x00000016   Code   RO         1744    .text.DL_UART_disableLoopbackMode  gyro_6axis.o
    0x0000149c   0x0000149c   0x00000016   Code   RO          190    .text.DL_UART_enable  ti_msp_dl_config.o
    0x000014b2   0x000014b2   0x00000002   PAD
    0x000014b4   0x000014b4   0x00000018   Code   RO           21    .text.DL_UART_enableInterrupt  main.o
    0x000014cc   0x000014cc   0x00000018   Code   RO          188    .text.DL_UART_enableInterrupt  ti_msp_dl_config.o
    0x000014e4   0x000014e4   0x0000001c   Code   RO         1748    .text.DL_UART_enableInterrupt  gyro_6axis.o
    0x00001500   0x00001500   0x00000018   Code   RO          138    .text.DL_UART_enablePower  ti_msp_dl_config.o
    0x00001518   0x00001518   0x00000012   Code   RO           27    .text.DL_UART_getPendingInterrupt  main.o
    0x0000152a   0x0000152a   0x00000002   PAD
    0x0000152c   0x0000152c   0x00000048   Code   RO          229    .text.DL_UART_init  dl_uart.o
    0x00001574   0x00001574   0x00000014   Code   RO         1436    .text.DL_UART_isBusy  bsp_printf.o
    0x00001588   0x00001588   0x00000018   Code   RO          257    .text.DL_UART_isTXFIFOFull  dl_uart.o
    0x000015a0   0x000015a0   0x00000014   Code   RO           29    .text.DL_UART_receiveData  main.o
    0x000015b4   0x000015b4   0x00000018   Code   RO          132    .text.DL_UART_reset  ti_msp_dl_config.o
    0x000015cc   0x000015cc   0x0000004c   Code   RO          186    .text.DL_UART_setBaudRateDivisor  ti_msp_dl_config.o
    0x00001618   0x00001618   0x00000024   Code   RO          235    .text.DL_UART_setClockConfig  dl_uart.o
    0x0000163c   0x0000163c   0x0000001e   Code   RO          184    .text.DL_UART_setOversampling  ti_msp_dl_config.o
    0x0000165a   0x0000165a   0x00000002   PAD
    0x0000165c   0x0000165c   0x00000024   Code   RO           23    .text.DL_UART_setRXFIFOThreshold  main.o
    0x00001680   0x00001680   0x00000028   Code   RO         1750    .text.DL_UART_setRXFIFOThreshold  gyro_6axis.o
    0x000016a8   0x000016a8   0x00000016   Code   RO          259    .text.DL_UART_transmitData  dl_uart.o
    0x000016be   0x000016be   0x00000028   Code   RO          255    .text.DL_UART_transmitDataBlocking  dl_uart.o
    0x000016e6   0x000016e6   0x00000002   PAD
    0x000016e8   0x000016e8   0x00000044   Code   RO         1343    .text.Encoder_GetAndClear  encoder.o
    0x0000172c   0x0000172c   0x00000110   Code   RO         1365    .text.GROUP1_IRQHandler  encoder.o
    0x0000183c   0x0000183c   0x00000084   Code   RO         1742    .text.Gyro6_Init    gyro_6axis.o
    0x000018c0   0x000018c0   0x000003f4   Code   RO         1740    .text.Gyro6_ParseByte  gyro_6axis.o
    0x00001cb4   0x00001cb4   0x0000003c   Code   RO         1732    .text.Gyro6_SendCalibrate  gyro_6axis.o
    0x00001cf0   0x00001cf0   0x00000038   Code   RO         1734    .text.Gyro6_UART_SendBuffer  gyro_6axis.o
    0x00001d28   0x00001d28   0x0000000c   Code   RO         1766    .text.Gyro6_Yaw     gyro_6axis.o
    0x00001d34   0x00001d34   0x00000060   Code   RO         1466    .text.Key_Scan      key.o
    0x00001d94   0x00001d94   0x00000010   Code   RO         1811    .text.LED2_ON       led.o
    0x00001da4   0x00001da4   0x00000048   Code   RO         1819    .text.LED2_StatusFlash  led.o
    0x00001dec   0x00001dec   0x00000010   Code   RO         1815    .text.LED2_Toggle   led.o
    0x00001dfc   0x00001dfc   0x0000004c   Code   RO         1332    .text.Motor_Brake   motor.o
    0x00001e48   0x00001e48   0x0000005c   Code   RO         1495    .text.OLED_Clear    oled.o
    0x00001ea4   0x00001ea4   0x00000060   Code   RO         1499    .text.OLED_ClearPoint  oled.o
    0x00001f04   0x00001f04   0x00000044   Code   RO         1497    .text.OLED_DrawPoint  oled.o
    0x00001f48   0x00001f48   0x000000f6   Code   RO         1519    .text.OLED_Init     oled.o
    0x0000203e   0x0000203e   0x00000002   PAD
    0x00002040   0x00002040   0x0000007c   Code   RO         1493    .text.OLED_Refresh  oled.o
    0x000020bc   0x000020bc   0x00000030   Code   RO         1521    .text.OLED_Reset    oled.o
    0x000020ec   0x000020ec   0x00000158   Code   RO         1505    .text.OLED_ShowChar  oled.o
    0x00002244   0x00002244   0x00000098   Code   RO         1507    .text.OLED_ShowString  oled.o
    0x000022dc   0x000022dc   0x000000a0   Code   RO         1479    .text.OLED_WR_Byte  oled.o
    0x0000237c   0x0000237c   0x000001ac   Code   RO          108    .text.SYSCFG_DL_GPIO_init  ti_msp_dl_config.o
    0x00002528   0x00002528   0x00000028   Code   RO          116    .text.SYSCFG_DL_NTB_init  ti_msp_dl_config.o
    0x00002550   0x00002550   0x0000007c   Code   RO          112    .text.SYSCFG_DL_PWM_0_init  ti_msp_dl_config.o
    0x000025cc   0x000025cc   0x0000004c   Code   RO          110    .text.SYSCFG_DL_SYSCTL_init  ti_msp_dl_config.o
    0x00002618   0x00002618   0x0000003c   Code   RO          114    .text.SYSCFG_DL_TIMER_0_init  ti_msp_dl_config.o
    0x00002654   0x00002654   0x00000044   Code   RO          118    .text.SYSCFG_DL_UART_0_init  ti_msp_dl_config.o
    0x00002698   0x00002698   0x00000044   Code   RO          120    .text.SYSCFG_DL_UART_1_init  ti_msp_dl_config.o
    0x000026dc   0x000026dc   0x0000003c   Code   RO          122    .text.SYSCFG_DL_UART_2_init  ti_msp_dl_config.o
    0x00002718   0x00002718   0x00000040   Code   RO          104    .text.SYSCFG_DL_init  ti_msp_dl_config.o
    0x00002758   0x00002758   0x0000009c   Code   RO          106    .text.SYSCFG_DL_initPower  ti_msp_dl_config.o
    0x000027f4   0x000027f4   0x00000104   Code   RO         1326    .text.Set_PWM       motor.o
    0x000028f8   0x000028f8   0x0000004c   Code   RO           87    .text.SysTick_Config  board.o
    0x00002944   0x00002944   0x0000000c   Code   RO           39    .text.SysTick_Handler  main.o
    0x00002950   0x00002950   0x00000018   Code   RO           85    .text.SysTick_Init  board.o
    0x00002968   0x00002968   0x0000000c   Code   RO         1453    .text.Systick_getTick  bsp_systick.o
    0x00002974   0x00002974   0x000004bc   Code   RO           35    .text.TIMG6_IRQHandler  main.o
    0x00002e30   0x00002e30   0x00000154   Code   RO         1676    .text.Track_GetError  track.o
    0x00002f84   0x00002f84   0x000000e0   Code   RO         1672    .text.Track_GetState  track.o
    0x00003064   0x00003064   0x000000c8   Code   RO         1690    .text.Track_Steering_Compute  track.o
    0x0000312c   0x0000312c   0x00000038   Code   RO           25    .text.UART0_IRQHandler  main.o
    0x00003164   0x00003164   0x00000044   Code   RO           33    .text.UART1_IRQHandler  main.o
    0x000031a8   0x000031a8   0x00000040   Code   RO           31    .text.UART2_IRQHandler  main.o
    0x000031e8   0x000031e8   0x00000010   Code   RO         1361    .text.Vel_PI_Reset_A  encoder.o
    0x000031f8   0x000031f8   0x00000010   Code   RO         1363    .text.Vel_PI_Reset_B  encoder.o
    0x00003208   0x00003208   0x000000e0   Code   RO         1357    .text.Velocity_A    encoder.o
    0x000032e8   0x000032e8   0x00000104   Code   RO         1359    .text.Velocity_B    encoder.o
    0x000033ec   0x000033ec   0x000000a0   Code   RO         1829    .text.Vofa_JustFloat_Send  vofa.o
    0x0000348c   0x0000348c   0x00000278   Code   RO         1839    .text.Vofa_PollCommand  vofa.o
    0x00003704   0x00003704   0x00000014   Code   RO         1847    .text.Vofa_RX_ISR   vofa.o
    0x00003718   0x00003718   0x00000028   Code   RO           15    .text.__NVIC_ClearPendingIRQ  main.o
    0x00003740   0x00003740   0x0000002c   Code   RO         1752    .text.__NVIC_ClearPendingIRQ  gyro_6axis.o
    0x0000376c   0x0000376c   0x00000034   Code   RO         1347    .text.__NVIC_DisableIRQ  encoder.o
    0x000037a0   0x000037a0   0x00000028   Code   RO           17    .text.__NVIC_EnableIRQ  main.o
    0x000037c8   0x000037c8   0x00000028   Code   RO         1349    .text.__NVIC_EnableIRQ  encoder.o
    0x000037f0   0x000037f0   0x00000028   Code   RO         1754    .text.__NVIC_EnableIRQ  gyro_6axis.o
    0x00003818   0x00003818   0x00000038   Code   RO         1345    .text.__NVIC_GetEnableIRQ  encoder.o
    0x00003850   0x00003850   0x0000007c   Code   RO           89    .text.__NVIC_SetPriority  board.o
    0x000038cc   0x000038cc   0x00000084   Code   RO          176    .text.__NVIC_SetPriority  ti_msp_dl_config.o
    0x00003950   0x00003950   0x00000024   Code   RO         1455    .text.delay_ms      bsp_systick.o
    0x00003974   0x00003974   0x00000018   Code   RO         1736    .text.delay_ms_g6   gyro_6axis.o
    0x0000398c   0x0000398c   0x00000090   Code   RO         1457    .text.delay_us      bsp_systick.o
    0x00003a1c   0x00003a1c   0x0000002a   Code   RO         1831    .text.float_to_bytes  vofa.o
    0x00003a46   0x00003a46   0x00000002   PAD
    0x00003a48   0x00003a48   0x0000002c   Code   RO         1438    .text.fputc         bsp_printf.o
    0x00003a74   0x00003a74   0x00000034   Code   RO         1324    .text.limit_PWM     motor.o
    0x00003aa8   0x00003aa8   0x00000854   Code   RO           11    .text.main          main.o
    0x000042fc   0x000042fc   0x00000144   Code   RO         1843    .text.parse_float   vofa.o
    0x00004440   0x00004440   0x0000007c   Code   RO         1841    .text.ringbuf_copy  vofa.o
    0x000044bc   0x000044bc   0x00000060   Code   RO         1845    .text.ringbuf_discard  vofa.o
    0x0000451c   0x0000451c   0x0000004c   Code   RO         1849    .text.ringbuf_push  vofa.o
    0x00004568   0x00004568   0x00000020   Code   RO         1913    i.__0printf         mc_p.l(printfa.o)
    0x00004588   0x00004588   0x00000028   Code   RO         1915    i.__0sprintf        mc_p.l(printfa.o)
    0x000045b0   0x000045b0   0x0000002e   Code   RO         2028    i.__ARM_clz         mf_p.l(depilogue.o)
    0x000045de   0x000045de   0x00000022   Code   RO         1970    i.__ARM_fpclassifyf  m_ps.l(fpclassifyf.o)
    0x00004600   0x00004600   0x0000000e   Code   RO         1972    i.__mathlib_flt_divzero  m_ps.l(funder.o)
    0x0000460e   0x0000460e   0x00000008   Code   RO         1974    i.__mathlib_flt_infnan2  m_ps.l(funder.o)
    0x00004616   0x00004616   0x0000000c   Code   RO         1975    i.__mathlib_flt_invalid  m_ps.l(funder.o)
    0x00004622   0x00004622   0x0000000e   Code   RO         1976    i.__mathlib_flt_overflow  m_ps.l(funder.o)
    0x00004630   0x00004630   0x0000000e   Code   RO         1978    i.__mathlib_flt_underflow  m_ps.l(funder.o)
    0x0000463e   0x0000463e   0x00000002   PAD
    0x00004640   0x00004640   0x0000000e   Code   RO         2050    i.__scatterload_copy  mc_p.l(handlers.o)
    0x0000464e   0x0000464e   0x00000002   PAD
    0x00004650   0x00004650   0x00000002   Code   RO         2051    i.__scatterload_null  mc_p.l(handlers.o)
    0x00004652   0x00004652   0x00000006   PAD
    0x00004658   0x00004658   0x0000000e   Code   RO         2052    i.__scatterload_zeroinit  mc_p.l(handlers.o)
    0x00004666   0x00004666   0x00000002   PAD
    0x00004668   0x00004668   0x0000000c   Code   RO         2016    i.__set_errno       mc_p.l(errno.o)
    0x00004674   0x00004674   0x00000174   Code   RO         1920    i._fp_digits        mc_p.l(printfa.o)
    0x000047e8   0x000047e8   0x000006ec   Code   RO         1921    i._printf_core      mc_p.l(printfa.o)
    0x00004ed4   0x00004ed4   0x00000020   Code   RO         1922    i._printf_post_padding  mc_p.l(printfa.o)
    0x00004ef4   0x00004ef4   0x0000002c   Code   RO         1923    i._printf_pre_padding  mc_p.l(printfa.o)
    0x00004f20   0x00004f20   0x0000000a   Code   RO         1925    i._sputc            mc_p.l(printfa.o)
    0x00004f2a   0x00004f2a   0x00000002   PAD
    0x00004f2c   0x00004f2c   0x00000620   Code   RO         1894    i.powf              m_ps.l(powf.o)
    0x0000554c   0x0000554c   0x00000140   Data   RO         1895    .constdata          m_ps.l(powf.o)
    0x0000568c   0x0000568c   0x00000005   Data   RO         1784    .rodata.CMD_Key     gyro_6axis.o
    0x00005691   0x00005691   0x00000005   Data   RO         1786    .rodata.CMD_Save    gyro_6axis.o
    0x00005696   0x00005696   0x00000005   Data   RO         1785    .rodata.CMD_YawZero  gyro_6axis.o
    0x0000569b   0x0000569b   0x00000474   Data   RO         1525    .rodata.asc2_1206   oled.o
    0x00005b0f   0x00005b0f   0x000005f0   Data   RO         1526    .rodata.asc2_1608   oled.o
    0x000060ff   0x000060ff   0x00000d5c   Data   RO         1527    .rodata.asc2_2412   oled.o
    0x00006e5b   0x00006e5b   0x00000003   Data   RO          201    .rodata.gNTBClockConfig  ti_msp_dl_config.o
    0x00006e5e   0x00006e5e   0x00000002   PAD
    0x00006e60   0x00006e60   0x00000014   Data   RO          202    .rodata.gNTBTimerConfig  ti_msp_dl_config.o
    0x00006e74   0x00006e74   0x00000003   Data   RO          197    .rodata.gPWM_0ClockConfig  ti_msp_dl_config.o
    0x00006e77   0x00006e77   0x00000001   PAD
    0x00006e78   0x00006e78   0x00000008   Data   RO          198    .rodata.gPWM_0Config  ti_msp_dl_config.o
    0x00006e80   0x00006e80   0x00000028   Data   RO          196    .rodata.gSYSPLLConfig  ti_msp_dl_config.o
    0x00006ea8   0x00006ea8   0x00000003   Data   RO          199    .rodata.gTIMER_0ClockConfig  ti_msp_dl_config.o
    0x00006eab   0x00006eab   0x00000001   PAD
    0x00006eac   0x00006eac   0x00000014   Data   RO          200    .rodata.gTIMER_0TimerConfig  ti_msp_dl_config.o
    0x00006ec0   0x00006ec0   0x00000002   Data   RO          203    .rodata.gUART_0ClockConfig  ti_msp_dl_config.o
    0x00006ec2   0x00006ec2   0x0000000a   Data   RO          204    .rodata.gUART_0Config  ti_msp_dl_config.o
    0x00006ecc   0x00006ecc   0x00000002   Data   RO          205    .rodata.gUART_1ClockConfig  ti_msp_dl_config.o
    0x00006ece   0x00006ece   0x0000000a   Data   RO          206    .rodata.gUART_1Config  ti_msp_dl_config.o
    0x00006ed8   0x00006ed8   0x00000002   Data   RO          207    .rodata.gUART_2ClockConfig  ti_msp_dl_config.o
    0x00006eda   0x00006eda   0x0000000a   Data   RO          208    .rodata.gUART_2Config  ti_msp_dl_config.o
    0x00006ee4   0x00006ee4   0x00000004   Data   RO         1851    .rodata.justfloat_tail  vofa.o
    0x00006ee8   0x00006ee8   0x00000168   Data   RO           73    .rodata.str1.1      main.o
    0x00007050   0x00007050   0x0000001c   Data   RO         1706    .rodata.track_weight  track.o
    0x0000706c   0x0000706c   0x00000020   Data   RO         2049    Region$$Table       anon$$obj.o


    Execution Region RW_IRAM2 (Exec base: 0x20200000, Load base: 0x00007090, Size: 0x00001748, Max: 0x00008000, ABSOLUTE)

    Exec Addr    Load Addr    Size         Type   Attr      Idx    E Section Name        Object

    0x20200000   0x00007090   0x00000004   Data   RW         1901    .data               mc_p.l(stdout.o)
    0x20200004   0x00007094   0x00000004   Data   RW         2017    .data               mc_p.l(errno.o)
    0x20200008   0x00007098   0x00000004   Data   RW         1712    .data.TRACK_KD      track.o
    0x2020000c   0x0000709c   0x00000004   Data   RW         1714    .data.TRACK_KD_T1   track.o
    0x20200010   0x000070a0   0x00000004   Data   RW         1716    .data.TRACK_KD_T2   track.o
    0x20200014   0x000070a4   0x00000004   Data   RW         1711    .data.TRACK_KP      track.o
    0x20200018   0x000070a8   0x00000004   Data   RW         1713    .data.TRACK_KP_T1   track.o
    0x2020001c   0x000070ac   0x00000004   Data   RW         1715    .data.TRACK_KP_T2   track.o
    0x20200020   0x000070b0   0x00000004   Data   RW         1377    .data.Velcity_Kff   encoder.o
    0x20200024   0x000070b4   0x00000004   Data   RW         1376    .data.Velcity_Ki    encoder.o
    0x20200028   0x000070b8   0x00000004   Data   RW         1375    .data.Velcity_Kp    encoder.o
    0x2020002c   0x000070bc   0x00000001   Data   RW           76    .data.main.disp_page_last  main.o
    0x2020002d   0x000070bd   0x00000003   PAD
    0x20200030   0x000070c0   0x00000004   Data   RW           49    .data.target_pulse  main.o
    0x20200034   0x000070c4   0x00000004   PAD
    0x20200038        -       0x00000004   Zero   RW         1373    .bss.Get_Encoder_countA  encoder.o
    0x2020003c        -       0x00000004   Zero   RW         1374    .bss.Get_Encoder_countB  encoder.o
    0x20200040        -       0x0000000b   Zero   RW         1788    .bss.Gyro6_ParseByte.ucRxBuffer  gyro_6axis.o
    0x2020004b        -       0x00000001   Zero   RW         1789    .bss.Gyro6_ParseByte.ucRxCnt  gyro_6axis.o
    0x2020004c        -       0x00000002   Zero   RW         1821    .bss.LED2_StatusFlash.temp  led.o
    0x2020004e        -       0x00000480   Zero   RW         1532    .bss.OLED_GRAM      oled.o
    0x202004ce   0x000070c4   0x00000002   PAD
    0x202004d0        -       0x00000004   Zero   RW         1550    .bss.angle_integral  pid.o
    0x202004d4        -       0x00000004   Zero   RW         1551    .bss.angle_prev_error  pid.o
    0x202004d8        -       0x00000004   Zero   RW           61    .bss.cur_pwmL       main.o
    0x202004dc        -       0x00000004   Zero   RW           62    .bss.cur_pwmR       main.o
    0x202004e0        -       0x00000001   Zero   RW           71    .bss.decel_active   main.o
    0x202004e1        -       0x00000001   Zero   RW           72    .bss.decel_count    main.o
    0x202004e2   0x000070c4   0x00000002   PAD
    0x202004e4        -       0x00000004   Zero   RW           57    .bss.enc_L          main.o
    0x202004e8        -       0x00000004   Zero   RW           58    .bss.enc_R          main.o
    0x202004ec        -       0x000000bc   Zero   RW          194    .bss.gPWM_0Backup   ti_msp_dl_config.o
    0x202005a8        -       0x00000078   Zero   RW          195    .bss.gTIMER_0Backup  ti_msp_dl_config.o
    0x20200620        -       0x00000004   Zero   RW           67    .bss.lap_dist_m     main.o
    0x20200624        -       0x00000004   Zero   RW           68    .bss.lap_speed_base  main.o
    0x20200628        -       0x00000001   Zero   RW           74    .bss.main.key_prev  main.o
    0x20200629   0x000070c4   0x00000003   PAD
    0x2020062c        -       0x00000004   Zero   RW           75    .bss.main.last_oled_ms  main.o
    0x20200630        -       0x00000001   Zero   RW           66    .bss.oled_page      main.o
    0x20200631   0x000070c4   0x00000003   PAD
    0x20200634        -       0x00000004   Zero   RW           70    .bss.run_elapsed_ms  main.o
    0x20200638        -       0x00000004   Zero   RW           69    .bss.run_start_ms   main.o
    0x2020063c        -       0x00000080   Zero   RW         1854    .bss.rx_buf         vofa.o
    0x202006bc        -       0x00000001   Zero   RW         1853    .bss.rx_head        vofa.o
    0x202006bd        -       0x00000001   Zero   RW         1852    .bss.rx_tail        vofa.o
    0x202006be        -       0x00000001   Zero   RW         1709    .bss.s_last_direction  track.o
    0x202006bf   0x000070c4   0x00000001   PAD
    0x202006c0        -       0x00000004   Zero   RW         1707    .bss.s_last_valid_bias  track.o
    0x202006c4        -       0x00000002   Zero   RW         1708    .bss.s_lost_cnt     track.o
    0x202006c6        -       0x00000001   Zero   RW         1710    .bss.s_lost_crossed  track.o
    0x202006c7   0x000070c4   0x00000001   PAD
    0x202006c8        -       0x00000004   Zero   RW         1722    .bss.s_track_err_last  track.o
    0x202006cc        -       0x00000001   Zero   RW           56    .bss.speed_running  main.o
    0x202006cd        -       0x00000001   Zero   RW           65    .bss.speed_test_mode  main.o
    0x202006ce   0x000070c4   0x00000002   PAD
    0x202006d0        -       0x00000004   Zero   RW           52    .bss.start_yaw      main.o
    0x202006d4        -       0x00000014   Zero   RW         1792    .bss.stcAccel6      gyro_6axis.o
    0x202006e8        -       0x0000000c   Zero   RW         1791    .bss.stcAngle6      gyro_6axis.o
    0x202006f4        -       0x00000014   Zero   RW         1790    .bss.stcGyro6       gyro_6axis.o
    0x20200708        -       0x00000010   Zero   RW         1793    .bss.stcQuat6       gyro_6axis.o
    0x20200718        -       0x00000004   Zero   RW           43    .bss.sys_tick_ms    main.o
    0x2020071c        -       0x00000004   Zero   RW           55    .bss.t2_arm_ms      main.o
    0x20200720        -       0x00000001   Zero   RW           54    .bss.t2_armed       main.o
    0x20200721        -       0x00000001   Zero   RW           53    .bss.t3_armed       main.o
    0x20200722        -       0x00000001   Zero   RW           51    .bss.task_sel       main.o
    0x20200723   0x000070c4   0x00000001   PAD
    0x20200724        -       0x00000004   Zero   RW           64    .bss.track_diff_disp  main.o
    0x20200728        -       0x00000004   Zero   RW           63    .bss.track_err_disp  main.o
    0x2020072c        -       0x00000004   Zero   RW         1380    .bss.vel_A_ctrl     encoder.o
    0x20200730        -       0x00000004   Zero   RW         1378    .bss.vel_A_integral  encoder.o
    0x20200734        -       0x00000004   Zero   RW         1379    .bss.vel_A_last_bias  encoder.o
    0x20200738        -       0x00000004   Zero   RW         1383    .bss.vel_B_ctrl     encoder.o
    0x2020073c        -       0x00000004   Zero   RW         1381    .bss.vel_B_integral  encoder.o
    0x20200740        -       0x00000004   Zero   RW         1382    .bss.vel_B_last_bias  encoder.o
    0x20200744   0x000070c4   0x00000004   PAD
    0x20200748        -       0x00001000   Zero   RW            1    STACK               startup_mspm0g350x_uvision.o



  Load Region LR_BCR (Base: 0x41c00000, Size: 0x00000000, Max: 0x00000100, ABSOLUTE)

    Execution Region BCR_CONFIG (Exec base: 0x41c00000, Load base: 0x41c00000, Size: 0x00000000, Max: 0x00000080, ABSOLUTE)

    **** No section assigned to this execution region ****



  Load Region LR_BSL (Base: 0x41c00100, Size: 0x00000000, Max: 0x00000100, ABSOLUTE)

    Execution Region BSL_CONFIG (Exec base: 0x41c00100, Load base: 0x41c00100, Size: 0x00000000, Max: 0x00000080, ABSOLUTE)

    **** No section assigned to this execution region ****


==============================================================================

Image component sizes


      Code (inc. data)   RO Data    RW Data    ZI Data      Debug   Object Name

       224         12          0          0          0       2971   board.o
        64          4          0          0          0       3871   bsp_printf.o
       192         16          0          0          0       1317   bsp_systick.o
        20          0          0          0          0        575   dl_common.o
      1210        176          0          0          0      20652   dl_timer.o
       256         12          0          0          0      10632   dl_uart.o
      1078         92          0         12         32       7926   encoder.o
      1534         92         15          0         80       8861   gyro_6axis.o
       118          4          0          0          0       3869   key.o
       152         12          0          0          2       4394   led.o
      3830        456        360          5         65      13126   main.o
       428         12          0          0          0       6487   motor.o
      1370         24       6080          0       1152      10047   oled.o
        20          8          0          0          8       1277   pid.o
        20          4        192          0       4096        624   startup_mspm0g350x_uvision.o
      2116        204        133          0        308      31277   ti_msp_dl_config.o
       786         48         28         24         12       8222   track.o
      1474         64          4          0        130       6052   vofa.o

    ----------------------------------------------------------------------
     14908       1240       6848         44       5908     142180   Object Totals
         0          0         32          0          0          0   (incl. Generated)
        16          0          4          3         23          0   (incl. Padding)

    ----------------------------------------------------------------------

      Code (inc. data)   RO Data    RW Data    ZI Data      Debug   Library Member Name

       232         20          0          0          0      18490   dl_sysctl_mspm0g1x0x_g3x0x.o
        34          0          0          0          0         60   fpclassifyf.o
        62          0          0          0          0        340   funder.o
      1568         92        320          0          0        172   powf.o
         0          0          0          0          0          0   entry.o
         0          0          0          0          0          0   entry10a.o
         0          0          0          0          0          0   entry11a.o
         8          4          0          0          0          0   entry2.o
         4          0          0          0          0          0   entry5.o
         0          0          0          0          0          0   entry7b.o
         0          0          0          0          0          0   entry8b.o
         8          4          0          0          0          0   entry9a.o
        12          6          0          4          0         60   errno.o
        30          0          0          0          0          0   handlers.o
        80          6          0          0          0         72   idiv_div0.o
        48         10          0          0          0         68   init.o
         0          0          0          0          0          0   iusefp.o
        32          0          0          0          0         68   llshl.o
        38          0          0          0          0         68   llsshr.o
        34          0          0          0          0         68   llushr.o
      2302        102          0          0          0        556   printfa.o
         0          0          0          4          0          0   stdout.o
        62          0          0          0          0         72   uidiv_div0.o
        96          0          0          0          0         84   uldiv.o
        40          2          0          0          0         68   cdrcmple.o
       356          4          0          0          0        140   dadd.o
       240          6          0          0          0         84   ddiv.o
       236          0          0          0          0        216   depilogue.o
        64         10          0          0          0         68   dfixul.o
        28          4          0          0          0         68   dfltui.o
       208          6          0          0          0         88   dmul.o
        40          0          0          0          0         60   f2d.o
       178          0          0          0          0        108   fadd.o
        28          0          0          0          0         60   fcmpeq.o
        28          0          0          0          0         60   fcmpge.o
        28          0          0          0          0         60   fcmple.o
        28          0          0          0          0         60   fcmplt.o
       124          0          0          0          0         72   fdiv.o
       130          0          0          0          0        144   fepilogue.o
        50          0          0          0          0         60   ffixi.o
        76          0          0          0          0         68   ffixir.o
        22          0          0          0          0         68   fflti.o
        14          0          0          0          0         68   ffltui.o
       122          0          0          0          0         72   fmul.o
         4          0          0          0          0         60   fpstat.o
        24          0          0          0          0         60   fscalb.o

    ----------------------------------------------------------------------
      6736        276        320          8          0      21990   Library Totals
        18          0          0          0          0          0   (incl. Padding)

    ----------------------------------------------------------------------

      Code (inc. data)   RO Data    RW Data    ZI Data      Debug   Library Name

       232         20          0          0          0      18490   driverlib.a
      1664         92        320          0          0        572   m_ps.l
      2754        132          0          8          0       1116   mc_p.l
      2068         32          0          0          0       1812   mf_p.l

    ----------------------------------------------------------------------
      6736        276        320          8          0      21990   Library Totals

    ----------------------------------------------------------------------

==============================================================================


      Code (inc. data)   RO Data    RW Data    ZI Data      Debug   

     21644       1516       7168         52       5908     162126   Grand Totals
     21644       1516       7168         52       5908     162126   ELF Image Totals
     21644       1516       7168         52          0          0   ROM Totals

==============================================================================

    Total RO  Size (Code + RO Data)                28812 (  28.14kB)
    Total RW  Size (RW Data + ZI Data)              5960 (   5.82kB)
    Total ROM Size (Code + RO Data + RW Data)      28864 (  28.19kB)

==============================================================================

